 addon

 Timestamp is 5d5186bf (Mon Aug 12 08:33:19 2019)

 Preferred load address is 0000000180000000

 Start         Length     Name                   Class
 0001:00000000 0003efe0H .text$mn                CODE
 0001:0003efe0 00000020H .text$mn$00             CODE
 0001:0003f000 000003e0H .text$x                 CODE
 0002:00000000 00000280H .idata$5                DATA
 0002:00000280 00000010H .00cfg                  DATA
 0002:00000290 00000008H .CRT$XCA                DATA
 0002:00000298 00000008H .CRT$XCU                DATA
 0002:000002a0 00000008H .CRT$XCZ                DATA
 0002:000002a8 00000008H .CRT$XIA                DATA
 0002:000002b0 00000020H .CRT$XIC                DATA
 0002:000002d0 00000008H .CRT$XIZ                DATA
 0002:000002d8 00000008H .CRT$XLA                DATA
 0002:000002e0 00000008H .CRT$XLZ                DATA
 0002:000002e8 00000008H .CRT$XPA                DATA
 0002:000002f0 00000010H .CRT$XPX                DATA
 0002:00000300 00000008H .CRT$XPXA               DATA
 0002:00000308 00000008H .CRT$XPZ                DATA
 0002:00000310 00000008H .CRT$XTA                DATA
 0002:00000318 00000008H .CRT$XTZ                DATA
 0002:00000320 00000000H .gfids$y                DATA
 0002:00000320 00096630H .rdata                  DATA
 0002:00096950 00000028H .rdata$T                DATA
 0002:00096978 00000404H .rdata$r                DATA
 0002:00096d7c 0000042cH .rdata$zzzdbg           DATA
 0002:000971a8 00000008H .rtc$IAA                DATA
 0002:000971b0 00000008H .rtc$IZZ                DATA
 0002:000971b8 00000008H .rtc$TAA                DATA
 0002:000971c0 00000008H .rtc$TZZ                DATA
 0002:000971c8 00000004H .tls                    DATA
 0002:000971cc 00000004H .tls$                   DATA
 0002:000971d0 00000008H .tls$ZZZ                DATA
 0002:000971d8 00004420H .xdata                  DATA
 0002:0009b5f8 00000244H .xdata$x                DATA
 0002:0009b83c 00000020H .didat$2                DATA
 0002:0009b85c 00000024H .didat$3                DATA
 0002:0009b880 000000e8H .didat$4                DATA
 0002:0009b968 000007f8H .didat$6                DATA
 0002:0009c160 000000f0H .didat$7                DATA
 0002:0009c250 00000050H .edata                  DATA
 0002:0009c2a0 00000014H .idata$2                DATA
 0002:0009c2b4 00000014H .idata$3                DATA
 0002:0009c2c8 00000280H .idata$4                DATA
 0002:0009c548 000005c6H .idata$6                DATA
 0003:00000000 00000a80H .data                   DATA
 0003:00000a80 00000140H .data$r                 DATA
 0003:00000bc0 000000f0H .didat$5                DATA
 0003:00000cb0 00001290H .bss                    DATA
 0004:00000000 00003798H .pdata                  DATA
 0005:00000000 00000060H .rsrc$01                DATA
 0005:00000060 00000180H .rsrc$02                DATA

  Address         Publics by Value              Rva+Base               Lib:Object

 0000:00000000       __guard_iat_count          0000000000000000     <absolute>
 0000:00000000       __volatile_metadata        0000000000000000     <absolute>
 0000:00000000       __hybrid_code_map_count    0000000000000000     <absolute>
 0000:00000000       __guard_fids_count         0000000000000000     <absolute>
 0000:00000000       __guard_longjmp_count      0000000000000000     <absolute>
 0000:00000000       __guard_longjmp_table      0000000000000000     <absolute>
 0000:00000000       __hybrid_code_map          0000000000000000     <absolute>
 0000:00000000       __guard_iat_table          0000000000000000     <absolute>
 0000:00000000       ___safe_se_handler_count   0000000000000000     <absolute>
 0000:00000000       __enclave_config           0000000000000000     <absolute>
 0000:00000000       ___safe_se_handler_table   0000000000000000     <absolute>
 0000:00000000       __guard_fids_table         0000000000000000     <absolute>
 0000:00000000       __hybrid_auxiliary_iat     0000000000000000     <absolute>
 0000:00000000       __dynamic_value_reloc_table 0000000000000000     <absolute>
 0000:00000100       __guard_flags              0000000000000100     <absolute>
 0000:00000000       __ImageBase                0000000180000000     <linker-defined>
 0001:000000e0       ?convert@@YAXAEBV?$FunctionCallbackInfo@VValue@v8@@@Nan@@@Z 00000001800010e0 f   addon.obj
 0001:00000460       ?Init@@YAXV?$Local@VObject@v8@@@v8@@@Z 0000000180001460 f   addon.obj
 0001:00000670       ?StoreBytes@woff2@@YAXPEBE_KPEA_KPEAE@Z 0000000180001670 f i glyph.obj
 0001:000006b0       ?ReadGlyph@woff2@@YA_NPEBE_KPEAVGlyph@1@@Z 00000001800016b0 f   glyph.obj
 0001:00001230       ?StoreGlyph@woff2@@YA_NAEBVGlyph@1@PEAEPEA_K@Z 0000000180002230 f   glyph.obj
 0001:00001490       ?resize@?$vector@EV?$allocator@E@std@@@std@@QEAAX_K@Z 0000000180002490 f i glyph.obj
 0001:000015f0       ?_Xlength@?$vector@UTable@woff2@@V?$allocator@UTable@woff2@@@std@@@std@@CAXXZ 00000001800025f0 f i woff2_enc.obj
 0001:000015f0       ?_Xlength@?$vector@UFont@woff2@@V?$allocator@UFont@woff2@@@std@@@std@@CAXXZ 00000001800025f0 f i font.obj
 0001:000015f0       ?_Xlength@?$vector@EV?$allocator@E@std@@@std@@CAXXZ 00000001800025f0 f i glyph.obj
 0001:000015f0       ?_Xlength@?$vector@UHistogramPair@brotli@@V?$allocator@UHistogramPair@brotli@@@std@@@std@@CAXXZ 00000001800025f0 f i block_splitter.obj
 0001:000015f0       ?_Xlength@?$vector@U?$Histogram@$0CMA@@brotli@@V?$allocator@U?$Histogram@$0CMA@@brotli@@@std@@@std@@CAXXZ 00000001800025f0 f i block_splitter.obj
 0001:000015f0       ?_Xlength@?$vector@V?$vector@EV?$allocator@E@std@@@std@@V?$allocator@V?$vector@EV?$allocator@E@std@@@std@@@2@@std@@CAXXZ 00000001800025f0 f i glyph.obj
 0001:000015f0       ?_Xlength@?$vector@V?$_List_unchecked_iterator@V?$_List_val@U?$_List_simple_types@U?$pair@$$CBV?$basic_string@DU?$char_traits@D@std@@V?$allocator@D@2@@std@@H@std@@@std@@@std@@@std@@V?$allocator@V?$_List_unchecked_iterator@V?$_List_val@U?$_List_simple_types@U?$pair@$$CBV?$basic_string@DU?$char_traits@D@std@@V?$allocator@D@2@@std@@H@std@@@std@@@std@@@std@@@2@@std@@CAXXZ 00000001800025f0 f i encode.obj
 0001:000015f0       ?_Xlength@?$vector@UPoint@Glyph@woff2@@V?$allocator@UPoint@Glyph@woff2@@@std@@@std@@CAXXZ 00000001800025f0 f i glyph.obj
 0001:000015f0       ?_Xlength@?$vector@GV?$allocator@G@std@@@std@@CAXXZ 00000001800025f0 f i block_splitter.obj
 0001:000015f0       ?_Xlength@?$vector@U?$Histogram@$0CAI@@brotli@@V?$allocator@U?$Histogram@$0CAI@@brotli@@@std@@@std@@CAXXZ 00000001800025f0 f i block_splitter.obj
 0001:000015f0       ?_Xlength@?$vector@V?$vector@UPoint@Glyph@woff2@@V?$allocator@UPoint@Glyph@woff2@@@std@@@std@@V?$allocator@V?$vector@UPoint@Glyph@woff2@@V?$allocator@UPoint@Glyph@woff2@@@std@@@std@@@2@@std@@CAXXZ 00000001800025f0 f i glyph.obj
 0001:000015f0       ?_Xlength@?$vector@IV?$allocator@I@std@@@std@@CAXXZ 00000001800025f0 f i font.obj
 0001:000015f0       ?_Xlength@?$vector@HV?$allocator@H@std@@@std@@CAXXZ 00000001800025f0 f i block_splitter.obj
 0001:000015f0       ?_Xlength@?$vector@V?$_List_unchecked_iterator@V?$_List_val@U?$_List_simple_types@U?$pair@$$CBIH@std@@@std@@@std@@@std@@V?$allocator@V?$_List_unchecked_iterator@V?$_List_val@U?$_List_simple_types@U?$pair@$$CBIH@std@@@std@@@std@@@std@@@2@@std@@CAXXZ 00000001800025f0 f i encode.obj
 0001:000015f0       ?_Xlength@?$vector@U?$Histogram@$0BAA@@brotli@@V?$allocator@U?$Histogram@$0BAA@@brotli@@@std@@@std@@CAXXZ 00000001800025f0 f i block_splitter.obj
 0001:00001610       ??$_Resize@V<lambda_afda535ea4cdce804d2703d8a8d0168e>@@@?$vector@V?$vector@UPoint@Glyph@woff2@@V?$allocator@UPoint@Glyph@woff2@@@std@@@std@@V?$allocator@V?$vector@UPoint@Glyph@woff2@@V?$allocator@UPoint@Glyph@woff2@@@std@@@std@@@2@@std@@AEAAX_KV<lambda_afda535ea4cdce804d2703d8a8d0168e>@@@Z 0000000180002610 f i glyph.obj
 0001:000018a0       ??$_Resize@V<lambda_f2c7ef95aac89ca7490276157addbeca>@@@?$vector@UPoint@Glyph@woff2@@V?$allocator@UPoint@Glyph@woff2@@@std@@@std@@AEAAX_KV<lambda_f2c7ef95aac89ca7490276157addbeca>@@@Z 00000001800028a0 f i glyph.obj
 0001:00001aa0       ??$_Destroy_range@V?$allocator@V?$vector@EV?$allocator@E@std@@@std@@@std@@@std@@YAXPEAV?$vector@EV?$allocator@E@std@@@0@0AEAV?$allocator@V?$vector@EV?$allocator@E@std@@@std@@@0@@Z 0000000180002aa0 f i glyph.obj
 0001:00001b20       ??$_Destroy_range@V?$allocator@V?$vector@UPoint@Glyph@woff2@@V?$allocator@UPoint@Glyph@woff2@@@std@@@std@@@std@@@std@@YAXPEAV?$vector@UPoint@Glyph@woff2@@V?$allocator@UPoint@Glyph@woff2@@@std@@@0@0AEAV?$allocator@V?$vector@UPoint@Glyph@woff2@@V?$allocator@UPoint@Glyph@woff2@@@std@@@std@@@0@@Z 0000000180002b20 f i glyph.obj
 0001:00001be0       ?_Change_array@?$vector@EV?$allocator@E@std@@@std@@AEAAXQEAE_K1@Z 0000000180002be0 f i glyph.obj
 0001:00001c70       ?_Tidy@?$vector@EV?$allocator@E@std@@@std@@AEAAXXZ 0000000180002c70 f i glyph.obj
 0001:00001cd0       ?Log2Floor@woff2@@YAHI@Z   0000000180002cd0 f i font.obj
 0001:00001d80       ?OutputOrderedTags@Font@woff2@@QEBA?AV?$vector@IV?$allocator@I@std@@@std@@XZ 0000000180002d80 f   font.obj
 0001:00001e70       ?ReadTrueTypeFont@woff2@@YA_NPEAVBuffer@1@PEBE_KPEAUFont@1@@Z 0000000180002e70 f   font.obj
 0001:00002290       ??4Table@Font@woff2@@QEAAAEAU012@AEBU012@@Z 0000000180003290 f i font.obj
 0001:00002400       ?ReadCollectionFont@woff2@@YA_NPEAVBuffer@1@PEBE_KPEAUFont@1@PEAV?$map@IPEAUTable@Font@woff2@@U?$less@I@std@@V?$allocator@U?$pair@$$CBIPEAUTable@Font@woff2@@@std@@@5@@std@@@Z 0000000180003400 f   font.obj
 0001:000026b0       ?ReadTrueTypeCollection@woff2@@YA_NPEAVBuffer@1@PEBE_KPEAUFontCollection@1@@Z 00000001800036b0 f   font.obj
 0001:00002940       ?NumGlyphs@woff2@@YAHAEBUFont@1@@Z 0000000180003940 f   font.obj
 0001:00002ab0       ?GetGlyphData@woff2@@YA_NAEBUFont@1@HPEAPEBEPEA_K@Z 0000000180003ab0 f   font.obj
 0001:00002d50       ??A?$map@IUTable@Font@woff2@@U?$less@I@std@@V?$allocator@U?$pair@$$CBIUTable@Font@woff2@@@std@@@5@@std@@QEAAAEAUTable@Font@woff2@@$$QEAI@Z 0000000180003d50 f i transform.obj
 0001:00002d50       ??A?$map@IUTable@Font@woff2@@U?$less@I@std@@V?$allocator@U?$pair@$$CBIUTable@Font@woff2@@@std@@@5@@std@@QEAAAEAUTable@Font@woff2@@AEBI@Z 0000000180003d50 f i font.obj
 0001:00002e40       ?_Erase@?$_Tree@V?$_Tmap_traits@HHU?$less@H@std@@V?$allocator@U?$pair@$$CBHH@std@@@2@$0A@@std@@@std@@IEAAXPEAU?$_Tree_node@U?$pair@$$CBHH@std@@PEAX@2@@Z 0000000180003e40 f i block_splitter.obj
 0001:00002e40       ?_Erase@?$_Tree@V?$_Tmap_traits@IGU?$less@I@std@@V?$allocator@U?$pair@$$CBIG@std@@@2@$0A@@std@@@std@@IEAAXPEAU?$_Tree_node@U?$pair@$$CBIG@std@@PEAX@2@@Z 0000000180003e40 f i woff2_enc.obj
 0001:00002e40       ?_Erase@?$_Tree@V?$_Tmap_traits@IIU?$less@I@std@@V?$allocator@U?$pair@$$CBII@std@@@2@$0A@@std@@@std@@IEAAXPEAU?$_Tree_node@U?$pair@$$CBII@std@@PEAX@2@@Z 0000000180003e40 f i font.obj
 0001:00002ea0       ?_Erase@?$_Tree@V?$_Tmap_traits@IPEAUTable@Font@woff2@@U?$less@I@std@@V?$allocator@U?$pair@$$CBIPEAUTable@Font@woff2@@@std@@@5@$0A@@std@@@std@@IEAAXPEAU?$_Tree_node@U?$pair@$$CBIPEAUTable@Font@woff2@@@std@@PEAX@2@@Z 0000000180003ea0 f i font.obj
 0001:00002f00       ??$_Resize@V<lambda_cb95ad0eee601e9dec4e28d0a6c35355>@@@?$vector@UFont@woff2@@V?$allocator@UFont@woff2@@@std@@@std@@AEAAX_KV<lambda_cb95ad0eee601e9dec4e28d0a6c35355>@@@Z 0000000180003f00 f i font.obj
 0001:000032d0       ??$_Emplace_reallocate@AEBI@?$vector@IV?$allocator@I@std@@@std@@QEAAPEAIQEAIAEBI@Z 00000001800042d0 f i font.obj
 0001:00003470       ?erase@?$_Tree@V?$_Tmap_traits@IUTable@Font@woff2@@U?$less@I@std@@V?$allocator@U?$pair@$$CBIUTable@Font@woff2@@@std@@@5@$0A@@std@@@std@@QEAA?AV?$_Tree_iterator@V?$_Tree_val@U?$_Tree_simple_types@U?$pair@$$CBIUTable@Font@woff2@@@std@@@std@@@std@@@2@V?$_Tree_const_iterator@V?$_Tree_val@U?$_Tree_simple_types@U?$pair@$$CBIUTable@Font@woff2@@@std@@@std@@@std@@@2@@Z 0000000180004470 f i font.obj
 0001:00003550       ?_Extract@?$_Tree_val@U?$_Tree_simple_types@U?$pair@$$CBIUTable@Font@woff2@@@std@@@std@@@std@@QEAAPEAU?$_Tree_node@U?$pair@$$CBIUTable@Font@woff2@@@std@@PEAX@2@V?$_Tree_const_iterator@V?$_Tree_val@U?$_Tree_simple_types@U?$pair@$$CBIUTable@Font@woff2@@@std@@@std@@@std@@@2@@Z 0000000180004550 f i font.obj
 0001:000038d0       ?_Rrotate@?$_Tree_val@U?$_Tree_simple_types@U?$pair@$$CBIUTable@Font@woff2@@@std@@@std@@@std@@QEAAXPEAU?$_Tree_node@U?$pair@$$CBIUTable@Font@woff2@@@std@@PEAX@2@@Z 00000001800048d0 f i font.obj
 0001:00003930       ?_Lrotate@?$_Tree_val@U?$_Tree_simple_types@U?$pair@$$CBIUTable@Font@woff2@@@std@@@std@@@std@@QEAAXPEAU?$_Tree_node@U?$pair@$$CBIUTable@Font@woff2@@@std@@PEAX@2@@Z 0000000180004930 f i font.obj
 0001:00003990       ??$_Destroy_range@V?$allocator@UFont@woff2@@@std@@@std@@YAXPEAUFont@woff2@@0AEAV?$allocator@UFont@woff2@@@0@@Z 0000000180004990 f i font.obj
 0001:00003a20       ?_Buy@?$vector@EV?$allocator@E@std@@@std@@AEAA_N_K@Z 0000000180004a20 f i font.obj
 0001:00003ac0       ??$_Sort_unchecked@PEAIU?$less@X@std@@@std@@YAXPEAI0_JU?$less@X@0@@Z 0000000180004ac0 f i font.obj
 0001:00003da0       ??$_Partition_by_median_guess_unchecked@PEAIU?$less@X@std@@@std@@YA?AU?$pair@PEAIPEAI@0@PEAI0U?$less@X@0@@Z 0000000180004da0 f i font.obj
 0001:00003f20       ??$_Insert_hint@AEAU?$pair@$$CBIG@std@@PEAU?$_Tree_node@U?$pair@$$CBIG@std@@PEAX@2@@?$_Tree@V?$_Tmap_traits@IGU?$less@I@std@@V?$allocator@U?$pair@$$CBIG@std@@@2@$0A@@std@@@std@@IEAA?AV?$_Tree_iterator@V?$_Tree_val@U?$_Tree_simple_types@U?$pair@$$CBIG@std@@@std@@@std@@@1@V?$_Tree_const_iterator@V?$_Tree_val@U?$_Tree_simple_types@U?$pair@$$CBIG@std@@@std@@@std@@@1@AEAU?$pair@$$CBIG@1@PEAU?$_Tree_node@U?$pair@$$CBIG@std@@PEAX@1@@Z 0000000180004f20 f i woff2_enc.obj
 0001:00003f20       ??$_Insert_hint@AEAU?$pair@$$CBII@std@@PEAU?$_Tree_node@U?$pair@$$CBII@std@@PEAX@2@@?$_Tree@V?$_Tmap_traits@IIU?$less@I@std@@V?$allocator@U?$pair@$$CBII@std@@@2@$0A@@std@@@std@@IEAA?AV?$_Tree_iterator@V?$_Tree_val@U?$_Tree_simple_types@U?$pair@$$CBII@std@@@std@@@std@@@1@V?$_Tree_const_iterator@V?$_Tree_val@U?$_Tree_simple_types@U?$pair@$$CBII@std@@@std@@@std@@@1@AEAU?$pair@$$CBII@1@PEAU?$_Tree_node@U?$pair@$$CBII@std@@PEAX@1@@Z 0000000180004f20 f i font.obj
 0001:00004240       ??$_Insert_hint@AEAU?$pair@$$CBIPEAUTable@Font@woff2@@@std@@PEAU?$_Tree_node@U?$pair@$$CBIPEAUTable@Font@woff2@@@std@@PEAX@2@@?$_Tree@V?$_Tmap_traits@IPEAUTable@Font@woff2@@U?$less@I@std@@V?$allocator@U?$pair@$$CBIPEAUTable@Font@woff2@@@std@@@5@$0A@@std@@@std@@IEAA?AV?$_Tree_iterator@V?$_Tree_val@U?$_Tree_simple_types@U?$pair@$$CBIPEAUTable@Font@woff2@@@std@@@std@@@std@@@1@V?$_Tree_const_iterator@V?$_Tree_val@U?$_Tree_simple_types@U?$pair@$$CBIPEAUTable@Font@woff2@@@std@@@std@@@std@@@1@AEAU?$pair@$$CBIPEAUTable@Font@woff2@@@1@PEAU?$_Tree_node@U?$pair@$$CBIPEAUTable@Font@woff2@@@std@@PEAX@1@@Z 0000000180005240 f i font.obj
 0001:00004560       ??$_Insert_hint@AEAU?$pair@$$CBIUTable@Font@woff2@@@std@@PEAU?$_Tree_node@U?$pair@$$CBIUTable@Font@woff2@@@std@@PEAX@2@@?$_Tree@V?$_Tmap_traits@IUTable@Font@woff2@@U?$less@I@std@@V?$allocator@U?$pair@$$CBIUTable@Font@woff2@@@std@@@5@$0A@@std@@@std@@IEAA?AV?$_Tree_iterator@V?$_Tree_val@U?$_Tree_simple_types@U?$pair@$$CBIUTable@Font@woff2@@@std@@@std@@@std@@@1@V?$_Tree_const_iterator@V?$_Tree_val@U?$_Tree_simple_types@U?$pair@$$CBIUTable@Font@woff2@@@std@@@std@@@std@@@1@AEAU?$pair@$$CBIUTable@Font@woff2@@@1@PEAU?$_Tree_node@U?$pair@$$CBIUTable@Font@woff2@@@std@@PEAX@1@@Z 0000000180005560 f i font.obj
 0001:00004880       ?_Destroy_if_node@?$_Tree@V?$_Tmap_traits@IIU?$less@I@std@@V?$allocator@U?$pair@$$CBII@std@@@2@$0A@@std@@@std@@IEAAXPEAU?$_Tree_node@U?$pair@$$CBII@std@@PEAX@2@@Z 0000000180005880 f i font.obj
 0001:00004880       ?_Destroy_if_node@?$_Tree@V?$_Tmap_traits@IGU?$less@I@std@@V?$allocator@U?$pair@$$CBIG@std@@@2@$0A@@std@@@std@@IEAAXPEAU?$_Tree_node@U?$pair@$$CBIG@std@@PEAX@2@@Z 0000000180005880 f i woff2_enc.obj
 0001:00004880       ?_Destroy_if_node@?$_Tree@V?$_Tmap_traits@HHU?$less@H@std@@V?$allocator@U?$pair@$$CBHH@std@@@2@$0A@@std@@@std@@IEAAXPEAU?$_Tree_node@U?$pair@$$CBHH@std@@PEAX@2@@Z 0000000180005880 f i block_splitter.obj
 0001:00004890       ?_Destroy_if_node@?$_Tree@V?$_Tmap_traits@IPEAUTable@Font@woff2@@U?$less@I@std@@V?$allocator@U?$pair@$$CBIPEAUTable@Font@woff2@@@std@@@5@$0A@@std@@@std@@IEAAXPEAU?$_Tree_node@U?$pair@$$CBIPEAUTable@Font@woff2@@@std@@PEAX@2@@Z 0000000180005890 f i font.obj
 0001:000048a0       ?_Destroy_if_node@?$_Tree@V?$_Tmap_traits@IUTable@Font@woff2@@U?$less@I@std@@V?$allocator@U?$pair@$$CBIUTable@Font@woff2@@@std@@@5@$0A@@std@@@std@@IEAAXPEAU?$_Tree_node@U?$pair@$$CBIUTable@Font@woff2@@@std@@PEAX@2@@Z 00000001800058a0 f i font.obj
 0001:00004910       ?_Erase@?$_Tree@V?$_Tmap_traits@IUTable@Font@woff2@@U?$less@I@std@@V?$allocator@U?$pair@$$CBIUTable@Font@woff2@@@std@@@5@$0A@@std@@@std@@IEAAXPEAU?$_Tree_node@U?$pair@$$CBIUTable@Font@woff2@@@std@@PEAX@2@@Z 0000000180005910 f i font.obj
 0001:000049d0       ??$_Guess_median_unchecked@PEAIU?$less@X@std@@@std@@YAXPEAI00U?$less@X@0@@Z 00000001800059d0 f i font.obj
 0001:00004b20       ??$_Insert_at@AEAU?$pair@$$CBHH@std@@PEAU?$_Tree_node@U?$pair@$$CBHH@std@@PEAX@2@@?$_Tree@V?$_Tmap_traits@HHU?$less@H@std@@V?$allocator@U?$pair@$$CBHH@std@@@2@$0A@@std@@@std@@IEAA?AV?$_Tree_iterator@V?$_Tree_val@U?$_Tree_simple_types@U?$pair@$$CBHH@std@@@std@@@std@@@1@_NPEAU?$_Tree_node@U?$pair@$$CBHH@std@@PEAX@1@AEAU?$pair@$$CBHH@1@1@Z 0000000180005b20 f i block_splitter.obj
 0001:00004b20       ??$_Insert_at@AEAU?$pair@$$CBII@std@@PEAU?$_Tree_node@U?$pair@$$CBII@std@@PEAX@2@@?$_Tree@V?$_Tmap_traits@IIU?$less@I@std@@V?$allocator@U?$pair@$$CBII@std@@@2@$0A@@std@@@std@@IEAA?AV?$_Tree_iterator@V?$_Tree_val@U?$_Tree_simple_types@U?$pair@$$CBII@std@@@std@@@std@@@1@_NPEAU?$_Tree_node@U?$pair@$$CBII@std@@PEAX@1@AEAU?$pair@$$CBII@1@1@Z 0000000180005b20 f i font.obj
 0001:00004b20       ??$_Insert_at@AEAU?$pair@$$CBIG@std@@PEAU?$_Tree_node@U?$pair@$$CBIG@std@@PEAX@2@@?$_Tree@V?$_Tmap_traits@IGU?$less@I@std@@V?$allocator@U?$pair@$$CBIG@std@@@2@$0A@@std@@@std@@IEAA?AV?$_Tree_iterator@V?$_Tree_val@U?$_Tree_simple_types@U?$pair@$$CBIG@std@@@std@@@std@@@1@_NPEAU?$_Tree_node@U?$pair@$$CBIG@std@@PEAX@1@AEAU?$pair@$$CBIG@1@1@Z 0000000180005b20 f i woff2_enc.obj
 0001:00004dd0       ??$_Insert_at@AEAU?$pair@$$CBIPEAUTable@Font@woff2@@@std@@PEAU?$_Tree_node@U?$pair@$$CBIPEAUTable@Font@woff2@@@std@@PEAX@2@@?$_Tree@V?$_Tmap_traits@IPEAUTable@Font@woff2@@U?$less@I@std@@V?$allocator@U?$pair@$$CBIPEAUTable@Font@woff2@@@std@@@5@$0A@@std@@@std@@IEAA?AV?$_Tree_iterator@V?$_Tree_val@U?$_Tree_simple_types@U?$pair@$$CBIPEAUTable@Font@woff2@@@std@@@std@@@std@@@1@_NPEAU?$_Tree_node@U?$pair@$$CBIPEAUTable@Font@woff2@@@std@@PEAX@1@AEAU?$pair@$$CBIPEAUTable@Font@woff2@@@1@1@Z 0000000180005dd0 f i font.obj
 0001:00005080       ??$_Insert_at@AEAU?$pair@$$CBIUTable@Font@woff2@@@std@@PEAU?$_Tree_node@U?$pair@$$CBIUTable@Font@woff2@@@std@@PEAX@2@@?$_Tree@V?$_Tmap_traits@IUTable@Font@woff2@@U?$less@I@std@@V?$allocator@U?$pair@$$CBIUTable@Font@woff2@@@std@@@5@$0A@@std@@@std@@IEAA?AV?$_Tree_iterator@V?$_Tree_val@U?$_Tree_simple_types@U?$pair@$$CBIUTable@Font@woff2@@@std@@@std@@@std@@@1@_NPEAU?$_Tree_node@U?$pair@$$CBIUTable@Font@woff2@@@std@@PEAX@1@AEAU?$pair@$$CBIUTable@Font@woff2@@@1@1@Z 0000000180006080 f i font.obj
 0001:00005330       ??$_Copy_nodes@U_Copy_tag@?$_Tree@V?$_Tmap_traits@IUTable@Font@woff2@@U?$less@I@std@@V?$allocator@U?$pair@$$CBIUTable@Font@woff2@@@std@@@5@$0A@@std@@@std@@@?$_Tree@V?$_Tmap_traits@IUTable@Font@woff2@@U?$less@I@std@@V?$allocator@U?$pair@$$CBIUTable@Font@woff2@@@std@@@5@$0A@@std@@@std@@IEAAPEAU?$_Tree_node@U?$pair@$$CBIUTable@Font@woff2@@@std@@PEAX@1@PEAU21@0U_Copy_tag@01@@Z 0000000180006330 f i font.obj
 0001:00005490       __local_stdio_printf_options 0000000180006490 f i normalize.obj
 0001:000054a0       fprintf                    00000001800064a0 f i normalize.obj
 0001:00005930       ?NormalizeGlyphs@woff2@@YA_NPEAUFont@1@@Z 0000000180006930 f   normalize.obj
 0001:00005ba0       ?FixChecksums@woff2@@YA_NPEAUFont@1@@Z 0000000180006ba0 f   normalize.obj
 0001:00005e50       ?NormalizeWithoutFixingChecksums@woff2@@YA_NPEAUFont@1@@Z 0000000180006e50 f   normalize.obj
 0001:000060d0       ?NormalizeFontCollection@woff2@@YA_NPEAUFontCollection@1@@Z 00000001800070d0 f   normalize.obj
 0001:00006340       ??$Round4@_K@woff2@@YA_K_K@Z 0000000180007340 f i normalize.obj
 0001:00007020       ?TransformGlyfAndLocaTables@woff2@@YA_NPEAUFont@1@@Z 0000000180008020 f   transform.obj
 0001:00007790       ?push_back@?$vector@EV?$allocator@E@std@@@std@@QEAAX$$QEAE@Z 0000000180008790 f i transform.obj
 0001:000078e0       ?Write255UShort@woff2@@YAXPEAV?$vector@EV?$allocator@E@std@@@std@@H@Z 00000001800088e0 f   variable_length.obj
 0001:00007ab0       ?Store255UShort@woff2@@YAXHPEA_KPEAE@Z 0000000180008ab0 f   variable_length.obj
 0001:00008250       ?ConvertTTFToWOFF2@woff2@@YA_NPEBE_KPEAEPEA_KAEBV?$basic_string@DU?$char_traits@D@std@@V?$allocator@D@2@@std@@@Z 0000000180009250 f   woff2_enc.obj
 0001:00009320       ??1FontCollection@woff2@@QEAA@XZ 000000018000a320 f i woff2_enc.obj
 0001:00009440       ??1?$_Tree@V?$_Tmap_traits@IGU?$less@I@std@@V?$allocator@U?$pair@$$CBIG@std@@@2@$0A@@std@@@std@@QEAA@XZ 000000018000a440 f i woff2_enc.obj
 0001:00009460       ??A?$map@IGU?$less@I@std@@V?$allocator@U?$pair@$$CBIG@std@@@2@@std@@QEAAAEAGAEBI@Z 000000018000a460 f i woff2_enc.obj
 0001:00009530       ?_Tidy@?$_Tree@V?$_Tmap_traits@IGU?$less@I@std@@V?$allocator@U?$pair@$$CBIG@std@@@2@$0A@@std@@@std@@IEAAXXZ 000000018000a530 f i woff2_enc.obj
 0001:000095c0       ?_Tidy@?$vector@UTable@woff2@@V?$allocator@UTable@woff2@@@std@@@std@@AEAAXXZ 000000018000a5c0 f i woff2_enc.obj
 0001:00009640       ?assign@?$basic_string@DU?$char_traits@D@std@@V?$allocator@D@2@@std@@QEAAAEAV12@QEBD_K@Z 000000018000a640 f i woff2_enc.obj
 0001:00009790       ??$_Emplace_reallocate@AEBUTable@woff2@@@?$vector@UTable@woff2@@V?$allocator@UTable@woff2@@@std@@@std@@QEAAPEAUTable@woff2@@QEAU23@AEBU23@@Z 000000018000a790 f i woff2_enc.obj
 0001:000099b0       ?_Xlen@?$basic_string@DU?$char_traits@D@std@@V?$allocator@D@2@@std@@SAXXZ 000000018000a9b0 f i woff2_enc.obj
 0001:000099d0       ??$_Copy_nodes@U_Copy_tag@?$_Tree@V?$_Tmap_traits@IGU?$less@I@std@@V?$allocator@U?$pair@$$CBIG@std@@@2@$0A@@std@@@std@@@?$_Tree@V?$_Tmap_traits@IGU?$less@I@std@@V?$allocator@U?$pair@$$CBIG@std@@@2@$0A@@std@@@std@@IEAAPEAU?$_Tree_node@U?$pair@$$CBIG@std@@PEAX@1@PEAU21@0U_Copy_tag@01@@Z 000000018000a9d0 f i woff2_enc.obj
 0001:00009aa0       ?Log2Floor@brotli@@YAHI@Z  000000018000aaa0 f i backward_references.obj
 0001:00009b50       ?GetLength@StaticDictionary@brotli@@QEBAHI@Z 000000018000ab50 f i backward_references.obj
 0001:00009c00       ?Get@StaticDictionary@brotli@@QEBA_NAEBV?$basic_string@DU?$char_traits@D@std@@V?$allocator@D@2@@std@@PEAH1@Z 000000018000ac00 f i backward_references.obj
 0001:00009f30       ?CreateBackwardReferences@brotli@@YAX_K0PEBE0PEBM0_KNHPEAUHashers@1@HPEAH5PEAUCommand@1@5@Z 000000018000af30 f   backward_references.obj
 0001:0000a400       ??$CreateBackwardReferences@V?$HashLongestMatchQuickly@$0BA@$00@brotli@@$0A@$0A@@brotli@@YAX_K0PEBE0PEBM0_KNHPEAV?$HashLongestMatchQuickly@$0BA@$00@0@PEAH5PEAUCommand@0@5@Z 000000018000b400 f i backward_references.obj
 0001:0000aa40       ??$CreateBackwardReferences@V?$HashLongestMatchQuickly@$0BB@$03@brotli@@$0A@$0A@@brotli@@YAX_K0PEBE0PEBM0_KNHPEAV?$HashLongestMatchQuickly@$0BB@$03@0@PEAH5PEAUCommand@0@5@Z 000000018000ba40 f i backward_references.obj
 0001:0000b0d0       ??$CreateBackwardReferences@V?$HashLongestMatch@$0O@$03$03$03$0A@$0A@@brotli@@$0A@$0A@@brotli@@YAX_K0PEBE0PEBM0_KNHPEAV?$HashLongestMatch@$0O@$03$03$03$0A@$0A@@0@PEAH5PEAUCommand@0@5@Z 000000018000c0d0 f i backward_references.obj
 0001:0000b800       ??$CreateBackwardReferences@V?$HashLongestMatch@$0O@$04$03$03$0A@$0A@@brotli@@$0A@$0A@@brotli@@YAX_K0PEBE0PEBM0_KNHPEAV?$HashLongestMatch@$0O@$04$03$03$0A@$0A@@0@PEAH5PEAUCommand@0@5@Z 000000018000c800 f i backward_references.obj
 0001:0000bf30       ??$CreateBackwardReferences@V?$HashLongestMatch@$0P@$05$03$09$0A@$0A@@brotli@@$0A@$0A@@brotli@@YAX_K0PEBE0PEBM0_KNHPEAV?$HashLongestMatch@$0P@$05$03$09$0A@$0A@@0@PEAH5PEAUCommand@0@5@Z 000000018000cf30 f i backward_references.obj
 0001:0000c660       ??$CreateBackwardReferences@V?$HashLongestMatch@$0P@$06$03$09$0A@$0A@@brotli@@$0A@$0A@@brotli@@YAX_K0PEBE0PEBM0_KNHPEAV?$HashLongestMatch@$0P@$06$03$09$0A@$0A@@0@PEAH5PEAUCommand@0@5@Z 000000018000d660 f i backward_references.obj
 0001:0000cd90       ??$CreateBackwardReferences@V?$HashLongestMatch@$0P@$07$03$0BA@$0A@$0A@@brotli@@$0A@$0A@@brotli@@YAX_K0PEBE0PEBM0_KNHPEAV?$HashLongestMatch@$0P@$07$03$0BA@$0A@$0A@@0@PEAH5PEAUCommand@0@5@Z 000000018000dd90 f i backward_references.obj
 0001:0000d4a0       ??$CreateBackwardReferences@V?$HashLongestMatch@$0P@$07$03$0BA@$00$00@brotli@@$00$00@brotli@@YAX_K0PEBE0PEBM0_KNHPEAV?$HashLongestMatch@$0P@$07$03$0BA@$00$00@0@PEAH5PEAUCommand@0@5@Z 000000018000e4a0 f i backward_references.obj
 0001:0000e130       ??$CreateBackwardReferences@V?$HashLongestMatch@$0P@$07$01$0BA@$00$0A@@brotli@@$00$0A@@brotli@@YAX_K0PEBE0PEBM0_KNHPEAV?$HashLongestMatch@$0P@$07$01$0BA@$00$0A@@0@PEAH5PEAUCommand@0@5@Z 000000018000f130 f i backward_references.obj
 0001:0000eb70       ?FindLongestMatch@?$HashLongestMatch@$0P@$07$01$0BA@$00$0A@@brotli@@QEAA_NPEIBE_KPEIBM1NPEIBHIIIPEIAH44PEIAN@Z 000000018000fb70 f i backward_references.obj
 0001:0000f2d0       ?FindLongestMatch@?$HashLongestMatch@$0P@$07$03$0BA@$00$00@brotli@@QEAA_NPEIBE_KPEIBM1NPEIBHIIIPEIAH44PEIAN@Z 00000001800102d0 f i backward_references.obj
 0001:0000fa70       ?FindLongestMatch@?$HashLongestMatch@$0P@$07$03$0BA@$0A@$0A@@brotli@@QEAA_NPEIBE_KPEIBM1NPEIBHIIIPEIAH44PEIAN@Z 0000000180010a70 f i backward_references.obj
 0001:00010330       ?FindLongestMatch@?$HashLongestMatch@$0P@$06$03$09$0A@$0A@@brotli@@QEAA_NPEIBE_KPEIBM1NPEIBHIIIPEIAH44PEIAN@Z 0000000180011330 f i backward_references.obj
 0001:000109c0       ?FindLongestMatch@?$HashLongestMatch@$0P@$05$03$09$0A@$0A@@brotli@@QEAA_NPEIBE_KPEIBM1NPEIBHIIIPEIAH44PEIAN@Z 00000001800119c0 f i backward_references.obj
 0001:00011040       ?FindLongestMatch@?$HashLongestMatch@$0O@$04$03$03$0A@$0A@@brotli@@QEAA_NPEIBE_KPEIBM1NPEIBHIIIPEIAH44PEIAN@Z 0000000180012040 f i backward_references.obj
 0001:00011840       ?FindLongestMatch@?$HashLongestMatch@$0O@$03$03$03$0A@$0A@@brotli@@QEAA_NPEIBE_KPEIBM1NPEIBHIIIPEIAH44PEIAN@Z 0000000180012840 f i backward_references.obj
 0001:00012040       ?FindLongestMatch@?$HashLongestMatchQuickly@$0BB@$03@brotli@@QEAA_NPEIBE_KPEIBM1NPEIBHIIIPEIAH44PEIAN@Z 0000000180013040 f i backward_references.obj
 0001:000124e0       ?FindLongestMatch@?$HashLongestMatchQuickly@$0BA@$00@brotli@@QEAA_NPEIBE_KPEIBM1NPEIBHIIIPEIAH44PEIAN@Z 00000001800134e0 f i backward_references.obj
 0001:00012960       ?ClusterCostDiff@brotli@@YANHH@Z 0000000180013960 f i block_splitter.obj
 0001:00012a60       ?CopyCommandsToByteArray@brotli@@YAXPEBUCommand@1@_KPEAV?$vector@GV?$allocator@G@std@@@std@@PEAV?$vector@EV?$allocator@E@std@@@4@@Z 0000000180013a60 f   block_splitter.obj
 0001:00012d30       ?RemapBlockIds@brotli@@YAHPEAE_K@Z 0000000180013d30 f   block_splitter.obj
 0001:00012fc0       ?BuildBlockSplit@brotli@@YAXAEBV?$vector@EV?$allocator@E@std@@@std@@PEAUBlockSplit@1@@Z 0000000180013fc0 f   block_splitter.obj
 0001:00013100       ?SplitBlock@brotli@@YAXPEBUCommand@1@_KPEBEPEAUBlockSplit@1@33@Z 0000000180014100 f   block_splitter.obj
 0001:00013380       ?_Erase@?$_Tree@V?$_Tset_traits@HU?$less@H@std@@V?$allocator@H@2@$0A@@std@@@std@@IEAAXPEAU?$_Tree_node@HPEAX@2@@Z 0000000180014380 f i block_splitter.obj
 0001:00013380       ?_Erase@?$_Tree@V?$_Tmap_traits@EEU?$less@E@std@@V?$allocator@U?$pair@$$CBEE@std@@@2@$0A@@std@@@std@@IEAAXPEAU?$_Tree_node@U?$pair@$$CBEE@std@@PEAX@2@@Z 0000000180014380 f i block_splitter.obj
 0001:000133e0       ??$SplitByteVector@U?$Histogram@$0BAA@@brotli@@E@brotli@@YAXAEBV?$vector@EV?$allocator@E@std@@@std@@HHHNPEAUBlockSplit@0@@Z 00000001800143e0 f i block_splitter.obj
 0001:00013840       ??$SplitByteVector@U?$Histogram@$0CMA@@brotli@@G@brotli@@YAXAEBV?$vector@GV?$allocator@G@std@@@std@@HHHNPEAUBlockSplit@0@@Z 0000000180014840 f i block_splitter.obj
 0001:00013c60       ??$SplitByteVector@U?$Histogram@$0CAI@@brotli@@E@brotli@@YAXAEBV?$vector@EV?$allocator@E@std@@@std@@HHHNPEAUBlockSplit@0@@Z 0000000180014c60 f i block_splitter.obj
 0001:00014070       ??$_Emplace_reallocate@AEBG@?$vector@GV?$allocator@G@std@@@std@@QEAAPEAGQEAGAEBG@Z 0000000180015070 f i block_splitter.obj
 0001:000141d0       ??$_Emplace_reallocate@AEBH@?$vector@HV?$allocator@H@std@@@std@@QEAAPEAHQEAHAEBH@Z 00000001800151d0 f i block_splitter.obj
 0001:000141d0       ??$_Emplace_reallocate@H@?$vector@HV?$allocator@H@std@@@std@@QEAAPEAHQEAH$$QEAH@Z 00000001800151d0 f i block_splitter.obj
 0001:00014330       ?_Change_array@?$vector@GV?$allocator@G@std@@@std@@AEAAXQEAG_K1@Z 0000000180015330 f i block_splitter.obj
 0001:000143c0       ?_Change_array@?$vector@HV?$allocator@H@std@@@std@@AEAAXQEAH_K1@Z 00000001800153c0 f i block_splitter.obj
 0001:00014450       ?_Tidy@?$vector@U?$Histogram@$0CAI@@brotli@@V?$allocator@U?$Histogram@$0CAI@@brotli@@@std@@@std@@AEAAXXZ 0000000180015450 f i block_splitter.obj
 0001:000144d0       ?_Tidy@?$vector@U?$Histogram@$0CMA@@brotli@@V?$allocator@U?$Histogram@$0CMA@@brotli@@@std@@@std@@AEAAXXZ 00000001800154d0 f i block_splitter.obj
 0001:00014550       ?_Tidy@?$vector@U?$Histogram@$0BAA@@brotli@@V?$allocator@U?$Histogram@$0BAA@@brotli@@@std@@@std@@AEAAXXZ 0000000180015550 f i block_splitter.obj
 0001:000145d0       ??$RefineEntropyCodes@U?$Histogram@$0BAA@@brotli@@E@brotli@@YAXPEBE_K1PEAV?$vector@U?$Histogram@$0BAA@@brotli@@V?$allocator@U?$Histogram@$0BAA@@brotli@@@std@@@std@@@Z 00000001800155d0 f i block_splitter.obj
 0001:00014810       ??$FindBlocks@E$0BAA@@brotli@@YAXPEBE_KNAEBV?$vector@U?$Histogram@$0BAA@@brotli@@V?$allocator@U?$Histogram@$0BAA@@brotli@@@std@@@std@@PEAE@Z 0000000180015810 f i block_splitter.obj
 0001:00014bd0       ??$ClusterBlocks@U?$Histogram@$0BAA@@brotli@@E@brotli@@YAXPEBE_KPEAE@Z 0000000180015bd0 f i block_splitter.obj
 0001:00014fa0       ??$RefineEntropyCodes@U?$Histogram@$0CMA@@brotli@@G@brotli@@YAXPEBG_K1PEAV?$vector@U?$Histogram@$0CMA@@brotli@@V?$allocator@U?$Histogram@$0CMA@@brotli@@@std@@@std@@@Z 0000000180015fa0 f i block_splitter.obj
 0001:000151e0       ??$FindBlocks@G$0CMA@@brotli@@YAXPEBG_KNAEBV?$vector@U?$Histogram@$0CMA@@brotli@@V?$allocator@U?$Histogram@$0CMA@@brotli@@@std@@@std@@PEAE@Z 00000001800161e0 f i block_splitter.obj
 0001:00015570       ??$ClusterBlocks@U?$Histogram@$0CMA@@brotli@@G@brotli@@YAXPEBG_KPEAE@Z 0000000180016570 f i block_splitter.obj
 0001:00015890       ??$RefineEntropyCodes@U?$Histogram@$0CAI@@brotli@@E@brotli@@YAXPEBE_K1PEAV?$vector@U?$Histogram@$0CAI@@brotli@@V?$allocator@U?$Histogram@$0CAI@@brotli@@@std@@@std@@@Z 0000000180016890 f i block_splitter.obj
 0001:00015af0       ??$FindBlocks@E$0CAI@@brotli@@YAXPEBE_KNAEBV?$vector@U?$Histogram@$0CAI@@brotli@@V?$allocator@U?$Histogram@$0CAI@@brotli@@@std@@@std@@PEAE@Z 0000000180016af0 f i block_splitter.obj
 0001:00015eb0       ??$ClusterBlocks@U?$Histogram@$0CAI@@brotli@@E@brotli@@YAXPEBE_KPEAE@Z 0000000180016eb0 f i block_splitter.obj
 0001:00016220       ?AddHistogram@?$Histogram@$0CAI@@brotli@@QEAAXAEBU12@@Z 0000000180017220 f i block_splitter.obj
 0001:000162f0       ?AddHistogram@?$Histogram@$0CMA@@brotli@@QEAAXAEBU12@@Z 00000001800172f0 f i block_splitter.obj
 0001:000163b0       ?AddHistogram@?$Histogram@$0BAA@@brotli@@QEAAXAEBU12@@Z 00000001800173b0 f i block_splitter.obj
 0001:00016470       ?_Udefault@?$vector@U?$Histogram@$0CAI@@brotli@@V?$allocator@U?$Histogram@$0CAI@@brotli@@@std@@@std@@AEAAPEAU?$Histogram@$0CAI@@brotli@@PEAU34@_K@Z 0000000180017470 f i block_splitter.obj
 0001:000164d0       ?_Udefault@?$vector@U?$Histogram@$0BAA@@brotli@@V?$allocator@U?$Histogram@$0BAA@@brotli@@@std@@@std@@AEAAPEAU?$Histogram@$0BAA@@brotli@@PEAU34@_K@Z 00000001800174d0 f i block_splitter.obj
 0001:00016530       ??$ClusterHistograms@U?$Histogram@$0BAA@@brotli@@@brotli@@YAXAEBV?$vector@U?$Histogram@$0BAA@@brotli@@V?$allocator@U?$Histogram@$0BAA@@brotli@@@std@@@std@@HHHPEAV12@PEAV?$vector@HV?$allocator@H@std@@@2@@Z 0000000180017530 f i block_splitter.obj
 0001:000167d0       ??$ClusterHistograms@U?$Histogram@$0CMA@@brotli@@@brotli@@YAXAEBV?$vector@U?$Histogram@$0CMA@@brotli@@V?$allocator@U?$Histogram@$0CMA@@brotli@@@std@@@std@@HHHPEAV12@PEAV?$vector@HV?$allocator@H@std@@@2@@Z 00000001800177d0 f i block_splitter.obj
 0001:000169e0       ??$ClusterHistograms@U?$Histogram@$0CAI@@brotli@@@brotli@@YAXAEBV?$vector@U?$Histogram@$0CAI@@brotli@@V?$allocator@U?$Histogram@$0CAI@@brotli@@@std@@@std@@HHHPEAV12@PEAV?$vector@HV?$allocator@H@std@@@2@@Z 00000001800179e0 f i block_splitter.obj
 0001:00016c40       ??$_Resize@V<lambda_b23b74819f9fbedba115c9cd79046a70>@@@?$vector@U?$Histogram@$0CAI@@brotli@@V?$allocator@U?$Histogram@$0CAI@@brotli@@@std@@@std@@AEAAX_KV<lambda_b23b74819f9fbedba115c9cd79046a70>@@@Z 0000000180017c40 f i block_splitter.obj
 0001:00016e30       ??$_Emplace_reallocate@AEBU?$Histogram@$0CAI@@brotli@@@?$vector@U?$Histogram@$0CAI@@brotli@@V?$allocator@U?$Histogram@$0CAI@@brotli@@@std@@@std@@QEAAPEAU?$Histogram@$0CAI@@brotli@@QEAU23@AEBU23@@Z 0000000180017e30 f i block_splitter.obj
 0001:00017050       ??$_Resize@V<lambda_8cb63141d4dd08f96fa247e4c1097815>@@@?$vector@U?$Histogram@$0CMA@@brotli@@V?$allocator@U?$Histogram@$0CMA@@brotli@@@std@@@std@@AEAAX_KV<lambda_8cb63141d4dd08f96fa247e4c1097815>@@@Z 0000000180018050 f i block_splitter.obj
 0001:00017240       ??$_Emplace_reallocate@AEBU?$Histogram@$0CMA@@brotli@@@?$vector@U?$Histogram@$0CMA@@brotli@@V?$allocator@U?$Histogram@$0CMA@@brotli@@@std@@@std@@QEAAPEAU?$Histogram@$0CMA@@brotli@@QEAU23@AEBU23@@Z 0000000180018240 f i block_splitter.obj
 0001:00017460       ??$_Resize@V<lambda_d5a7fdb02c6e513c7543e4b15e13db63>@@@?$vector@U?$Histogram@$0BAA@@brotli@@V?$allocator@U?$Histogram@$0BAA@@brotli@@@std@@@std@@AEAAX_KV<lambda_d5a7fdb02c6e513c7543e4b15e13db63>@@@Z 0000000180018460 f i block_splitter.obj
 0001:00017650       ??$_Emplace_reallocate@AEBU?$Histogram@$0BAA@@brotli@@@?$vector@U?$Histogram@$0BAA@@brotli@@V?$allocator@U?$Histogram@$0BAA@@brotli@@@std@@@std@@QEAAPEAU?$Histogram@$0BAA@@brotli@@QEAU23@AEBU23@@Z 0000000180018650 f i block_splitter.obj
 0001:00017850       ?_Change_array@?$vector@U?$Histogram@$0CAI@@brotli@@V?$allocator@U?$Histogram@$0CAI@@brotli@@@std@@@std@@AEAAXQEAU?$Histogram@$0CAI@@brotli@@_K1@Z 0000000180018850 f i block_splitter.obj
 0001:00017910       ?_Umove_if_noexcept@?$vector@U?$Histogram@$0CAI@@brotli@@V?$allocator@U?$Histogram@$0CAI@@brotli@@@std@@@std@@AEAAXPEAU?$Histogram@$0CAI@@brotli@@00@Z 0000000180018910 f i block_splitter.obj
 0001:00017960       ?_Change_array@?$vector@U?$Histogram@$0CMA@@brotli@@V?$allocator@U?$Histogram@$0CMA@@brotli@@@std@@@std@@AEAAXQEAU?$Histogram@$0CMA@@brotli@@_K1@Z 0000000180018960 f i block_splitter.obj
 0001:00017a20       ?_Umove_if_noexcept@?$vector@U?$Histogram@$0CMA@@brotli@@V?$allocator@U?$Histogram@$0CMA@@brotli@@@std@@@std@@AEAAXPEAU?$Histogram@$0CMA@@brotli@@00@Z 0000000180018a20 f i block_splitter.obj
 0001:00017a70       ?_Change_array@?$vector@U?$Histogram@$0BAA@@brotli@@V?$allocator@U?$Histogram@$0BAA@@brotli@@@std@@@std@@AEAAXQEAU?$Histogram@$0BAA@@brotli@@_K1@Z 0000000180018a70 f i block_splitter.obj
 0001:00017b30       ??$PopulationCost@$0BAA@@brotli@@YANAEBU?$Histogram@$0BAA@@0@@Z 0000000180018b30 f i block_splitter.obj
 0001:00017d70       ??$HistogramCombine@U?$Histogram@$0BAA@@brotli@@@brotli@@YAXPEAU?$Histogram@$0BAA@@0@PEAH1HH@Z 0000000180018d70 f i block_splitter.obj
 0001:00018290       ??$HistogramRemap@U?$Histogram@$0BAA@@brotli@@@brotli@@YAXPEBU?$Histogram@$0BAA@@0@HPEAU10@PEAH@Z 0000000180019290 f i block_splitter.obj
 0001:00018580       ??$HistogramReindex@U?$Histogram@$0BAA@@brotli@@@brotli@@YAXPEAV?$vector@U?$Histogram@$0BAA@@brotli@@V?$allocator@U?$Histogram@$0BAA@@brotli@@@std@@@std@@PEAV?$vector@HV?$allocator@H@std@@@2@@Z 0000000180019580 f i block_splitter.obj
 0001:00018930       ??$PopulationCost@$0CMA@@brotli@@YANAEBU?$Histogram@$0CMA@@0@@Z 0000000180019930 f i block_splitter.obj
 0001:00018b70       ??$HistogramCombine@U?$Histogram@$0CMA@@brotli@@@brotli@@YAXPEAU?$Histogram@$0CMA@@0@PEAH1HH@Z 0000000180019b70 f i block_splitter.obj
 0001:00019090       ??$HistogramRemap@U?$Histogram@$0CMA@@brotli@@@brotli@@YAXPEBU?$Histogram@$0CMA@@0@HPEAU10@PEAH@Z 000000018001a090 f i block_splitter.obj
 0001:00019380       ??$HistogramReindex@U?$Histogram@$0CMA@@brotli@@@brotli@@YAXPEAV?$vector@U?$Histogram@$0CMA@@brotli@@V?$allocator@U?$Histogram@$0CMA@@brotli@@@std@@@std@@PEAV?$vector@HV?$allocator@H@std@@@2@@Z 000000018001a380 f i block_splitter.obj
 0001:000197a0       ??$PopulationCost@$0CAI@@brotli@@YANAEBU?$Histogram@$0CAI@@0@@Z 000000018001a7a0 f i block_splitter.obj
 0001:000199f0       ??$HistogramCombine@U?$Histogram@$0CAI@@brotli@@@brotli@@YAXPEAU?$Histogram@$0CAI@@0@PEAH1HH@Z 000000018001a9f0 f i block_splitter.obj
 0001:00019ef0       ??$HistogramRemap@U?$Histogram@$0CAI@@brotli@@@brotli@@YAXPEBU?$Histogram@$0CAI@@0@HPEAU10@PEAH@Z 000000018001aef0 f i block_splitter.obj
 0001:0001a1e0       ??$HistogramReindex@U?$Histogram@$0CAI@@brotli@@@brotli@@YAXPEAV?$vector@U?$Histogram@$0CAI@@brotli@@V?$allocator@U?$Histogram@$0CAI@@brotli@@@std@@@std@@PEAV?$vector@HV?$allocator@H@std@@@2@@Z 000000018001b1e0 f i block_splitter.obj
 0001:0001a560       ??$_Insert_hint@AEAU?$pair@$$CBEE@std@@PEAU?$_Tree_node@U?$pair@$$CBEE@std@@PEAX@2@@?$_Tree@V?$_Tmap_traits@EEU?$less@E@std@@V?$allocator@U?$pair@$$CBEE@std@@@2@$0A@@std@@@std@@IEAA?AV?$_Tree_iterator@V?$_Tree_val@U?$_Tree_simple_types@U?$pair@$$CBEE@std@@@std@@@std@@@1@V?$_Tree_const_iterator@V?$_Tree_val@U?$_Tree_simple_types@U?$pair@$$CBEE@std@@@std@@@std@@@1@AEAU?$pair@$$CBEE@1@PEAU?$_Tree_node@U?$pair@$$CBEE@std@@PEAX@1@@Z 000000018001b560 f i block_splitter.obj
 0001:0001a880       ??$_Uninitialized_move@PEAU?$Histogram@$0BAA@@brotli@@PEAU12@V?$allocator@U?$Histogram@$0BAA@@brotli@@@std@@@std@@YAPEAU?$Histogram@$0BAA@@brotli@@QEAU12@0PEAU12@AEAV?$allocator@U?$Histogram@$0BAA@@brotli@@@0@@Z 000000018001b880 f i block_splitter.obj
 0001:0001a920       ??$_Resize@V<lambda_9d4f0376838c6e4b6a263e96e2e67082>@@@?$vector@HV?$allocator@H@std@@@std@@AEAAX_KV<lambda_9d4f0376838c6e4b6a263e96e2e67082>@@@Z 000000018001b920 f i block_splitter.obj
 0001:0001aa90       ?_Destroy_if_node@?$_Tree@V?$_Tmap_traits@EEU?$less@E@std@@V?$allocator@U?$pair@$$CBEE@std@@@2@$0A@@std@@@std@@IEAAXPEAU?$_Tree_node@U?$pair@$$CBEE@std@@PEAX@2@@Z 000000018001ba90 f i block_splitter.obj
 0001:0001aaa0       ?_Buy@?$vector@U?$Histogram@$0CAI@@brotli@@V?$allocator@U?$Histogram@$0CAI@@brotli@@@std@@@std@@AEAA_N_K@Z 000000018001baa0 f i block_splitter.obj
 0001:0001ab40       ?_Buy@?$vector@U?$Histogram@$0BAA@@brotli@@V?$allocator@U?$Histogram@$0BAA@@brotli@@@std@@@std@@AEAA_N_K@Z 000000018001bb40 f i block_splitter.obj
 0001:0001abe0       ??$insert@$0A@$0A@@?$_Tree@V?$_Tset_traits@HU?$less@H@std@@V?$allocator@H@2@$0A@@std@@@std@@QEAA?AU?$pair@V?$_Tree_const_iterator@V?$_Tree_val@U?$_Tree_simple_types@H@std@@@std@@@std@@_N@1@AEBH@Z 000000018001bbe0 f i block_splitter.obj
 0001:0001ad10       ??$CompareAndPushToHeap@U?$Histogram@$0BAA@@brotli@@@brotli@@YAXPEBU?$Histogram@$0BAA@@0@PEBHHHPEAV?$vector@UHistogramPair@brotli@@V?$allocator@UHistogramPair@brotli@@@std@@@std@@@Z 000000018001bd10 f i block_splitter.obj
 0001:0001aff0       ??$HistogramBitCostDistance@U?$Histogram@$0BAA@@brotli@@@brotli@@YANAEBU?$Histogram@$0BAA@@0@0@Z 000000018001bff0 f i block_splitter.obj
 0001:0001b140       ??$CompareAndPushToHeap@U?$Histogram@$0CMA@@brotli@@@brotli@@YAXPEBU?$Histogram@$0CMA@@0@PEBHHHPEAV?$vector@UHistogramPair@brotli@@V?$allocator@UHistogramPair@brotli@@@std@@@std@@@Z 000000018001c140 f i block_splitter.obj
 0001:0001b3c0       ??$HistogramBitCostDistance@U?$Histogram@$0CMA@@brotli@@@brotli@@YANAEBU?$Histogram@$0CMA@@0@0@Z 000000018001c3c0 f i block_splitter.obj
 0001:0001b4c0       ??$CompareAndPushToHeap@U?$Histogram@$0CAI@@brotli@@@brotli@@YAXPEBU?$Histogram@$0CAI@@0@PEBHHHPEAV?$vector@UHistogramPair@brotli@@V?$allocator@UHistogramPair@brotli@@@std@@@std@@@Z 000000018001c4c0 f i block_splitter.obj
 0001:0001b730       ??$HistogramBitCostDistance@U?$Histogram@$0CAI@@brotli@@@brotli@@YANAEBU?$Histogram@$0CAI@@0@0@Z 000000018001c730 f i block_splitter.obj
 0001:0001b850       ??$_Insert_at@AEAU?$pair@$$CBEE@std@@PEAU?$_Tree_node@U?$pair@$$CBEE@std@@PEAX@2@@?$_Tree@V?$_Tmap_traits@EEU?$less@E@std@@V?$allocator@U?$pair@$$CBEE@std@@@2@$0A@@std@@@std@@IEAA?AV?$_Tree_iterator@V?$_Tree_val@U?$_Tree_simple_types@U?$pair@$$CBEE@std@@@std@@@std@@@1@_NPEAU?$_Tree_node@U?$pair@$$CBEE@std@@PEAX@1@AEAU?$pair@$$CBEE@1@1@Z 000000018001c850 f i block_splitter.obj
 0001:0001bb00       ??$_Ucopy@PEAU?$Histogram@$0BAA@@brotli@@@?$vector@U?$Histogram@$0BAA@@brotli@@V?$allocator@U?$Histogram@$0BAA@@brotli@@@std@@@std@@AEAAPEAU?$Histogram@$0BAA@@brotli@@PEAU23@00@Z 000000018001cb00 f i block_splitter.obj
 0001:0001bba0       ??$push_heap@V?$_Vector_iterator@V?$_Vector_val@U?$_Simple_types@UHistogramPair@brotli@@@std@@@std@@@std@@UHistogramPairComparator@brotli@@@std@@YAXV?$_Vector_iterator@V?$_Vector_val@U?$_Simple_types@UHistogramPair@brotli@@@std@@@std@@@0@0UHistogramPairComparator@brotli@@@Z 000000018001cba0 f i block_splitter.obj
 0001:0001bc80       ??$_Emplace_reallocate@AEBUHistogramPair@brotli@@@?$vector@UHistogramPair@brotli@@V?$allocator@UHistogramPair@brotli@@@std@@@std@@QEAAPEAUHistogramPair@brotli@@QEAU23@AEBU23@@Z 000000018001cc80 f i block_splitter.obj
 0001:0001be20       ??$_Insert_at@AEBHU_Not_a_node_tag@std@@@?$_Tree@V?$_Tset_traits@HU?$less@H@std@@V?$allocator@H@2@$0A@@std@@@std@@IEAA?AV?$_Tree_const_iterator@V?$_Tree_val@U?$_Tree_simple_types@H@std@@@std@@@1@_NPEAU?$_Tree_node@HPEAX@1@AEBHU_Not_a_node_tag@1@@Z 000000018001ce20 f i block_splitter.obj
 0001:0001c100       ??$_Pop_heap_hole_by_index@PEAUHistogramPair@brotli@@U12@UHistogramPairComparator@2@@std@@YAXPEAUHistogramPair@brotli@@_J1$$QEAU12@UHistogramPairComparator@2@@Z 000000018001d100 f i block_splitter.obj
 0001:0001c2a0       ??$_Insert_hint@AEAU?$pair@$$CBHH@std@@PEAU?$_Tree_node@U?$pair@$$CBHH@std@@PEAX@2@@?$_Tree@V?$_Tmap_traits@HHU?$less@H@std@@V?$allocator@U?$pair@$$CBHH@std@@@2@$0A@@std@@@std@@IEAA?AV?$_Tree_iterator@V?$_Tree_val@U?$_Tree_simple_types@U?$pair@$$CBHH@std@@@std@@@std@@@1@V?$_Tree_const_iterator@V?$_Tree_val@U?$_Tree_simple_types@U?$pair@$$CBHH@std@@@std@@@std@@@1@AEAU?$pair@$$CBHH@1@PEAU?$_Tree_node@U?$pair@$$CBHH@std@@PEAX@1@@Z 000000018001d2a0 f i block_splitter.obj
 0001:0001c800       ?WriteBits@brotli@@YAXH_KPEIAHPEIAE@Z 000000018001d800 f i brotli_bit_stream.obj
 0001:0001c880       ?StoreVarLenUint8@brotli@@YAXHPEAHPEAE@Z 000000018001d880 f   brotli_bit_stream.obj
 0001:0001c910       ?StoreCompressedMetaBlockHeader@brotli@@YA_N_N_KPEAHPEAE@Z 000000018001d910 f   brotli_bit_stream.obj
 0001:0001ca10       ?StoreHuffmanTreeOfHuffmanTreeToBitMask@brotli@@YAXHPEBEPEAHPEAE@Z 000000018001da10 f   brotli_bit_stream.obj
 0001:0001cbd0       ?StoreSimpleHuffmanTree@brotli@@YAXPEBEQEAHHHPEAHPEAE@Z 000000018001dbd0 f   brotli_bit_stream.obj
 0001:0001cdd0       ?StoreHuffmanTree@brotli@@YAXPEBE_KPEAHPEAE@Z 000000018001ddd0 f   brotli_bit_stream.obj
 0001:0001d1a0       ?BuildAndStoreHuffmanTree@brotli@@YAXPEBHHPEAEPEAGPEAH1@Z 000000018001e1a0 f   brotli_bit_stream.obj
 0001:0001d310       ?MoveToFrontTransform@brotli@@YA?AV?$vector@HV?$allocator@H@std@@@std@@AEBV23@@Z 000000018001e310 f   brotli_bit_stream.obj
 0001:0001d660       ?RunLengthCodeZeros@brotli@@YAXAEBV?$vector@HV?$allocator@H@std@@@std@@PEAHPEAV23@2@Z 000000018001e660 f   brotli_bit_stream.obj
 0001:0001d900       ?BestMaxZeroRunLengthPrefix@brotli@@YAHAEBV?$vector@HV?$allocator@H@std@@@std@@@Z 000000018001e900 f   brotli_bit_stream.obj
 0001:0001dc70       ?EncodeContextMap@brotli@@YAXAEBV?$vector@HV?$allocator@H@std@@@std@@HPEAHPEAE@Z 000000018001ec70 f   brotli_bit_stream.obj
 0001:0001e070       ?BuildAndStoreBlockSplitCode@brotli@@YAXAEBV?$vector@HV?$allocator@H@std@@@std@@0HPEAUBlockSplitCode@1@PEAHPEAE@Z 000000018001f070 f   brotli_bit_stream.obj
 0001:0001e4b0       ?StoreTrivialContextMap@brotli@@YAXHHPEAHPEAE@Z 000000018001f4b0 f   brotli_bit_stream.obj
 0001:0001e9c0       ??0BlockEncoder@brotli@@QEAA@HHAEBV?$vector@HV?$allocator@H@std@@@std@@0@Z 000000018001f9c0 f i brotli_bit_stream.obj
 0001:0001eab0       ?StoreSymbol@BlockEncoder@brotli@@QEAAXHPEAHPEAE@Z 000000018001fab0 f i brotli_bit_stream.obj
 0001:0001ebe0       ??1BlockSplitCode@brotli@@QEAA@XZ 000000018001fbe0 f i brotli_bit_stream.obj
 0001:0001ee70       ?StoreMetaBlock@brotli@@YA_NPEBE_K11EE_NHHHPEBUCommand@1@1AEBUMetaBlockSplit@1@PEAHPEAE@Z 000000018001fe70 f   brotli_bit_stream.obj
 0001:0001fa80       ??1BlockEncoder@brotli@@QEAA@XZ 0000000180020a80 f i brotli_bit_stream.obj
 0001:0001fb60       ?StoreUncompressedMetaBlock@brotli@@YA_N_NPEBE_K22PEAHPEAE@Z 0000000180020b60 f   brotli_bit_stream.obj
 0001:0001fd00       ??$PopulationCost@$0BBA@@brotli@@YANAEBU?$Histogram@$0BBA@@0@@Z 0000000180020d00 f i brotli_bit_stream.obj
 0001:0001ff40       ??$_Resize@V<lambda_5d91c21a7dab2480088f44d5291e9dfa>@@@?$vector@GV?$allocator@G@std@@@std@@AEAAX_KV<lambda_5d91c21a7dab2480088f44d5291e9dfa>@@@Z 0000000180020f40 f i brotli_bit_stream.obj
 0001:000200a0       ?ApplyTransform@brotli@@YA?AV?$basic_string@DU?$char_traits@D@std@@V?$allocator@D@2@@std@@AEBUTransform@1@PEBEH@Z 00000001800210a0 f i encode.obj
 0001:00020510       ??0StaticDictionary@brotli@@QEAA@XZ 0000000180021510 f i encode.obj
 0001:000205b0       ?Fill@StaticDictionary@brotli@@QEAAX_N@Z 00000001800215b0 f i encode.obj
 0001:00020720       ?Insert@StaticDictionary@brotli@@QEAAXAEBV?$basic_string@DU?$char_traits@D@std@@V?$allocator@D@2@@std@@HH@Z 0000000180021720 f i encode.obj
 0001:00020920       ?Init@Hashers@brotli@@QEAAXH@Z 0000000180021920 f i encode.obj
 0001:00020cf0       ??_GBrotliIn@brotli@@UEAAPEAXI@Z 0000000180021cf0 f i encode.obj
 0001:00020cf0       ??_GBrotliOut@brotli@@UEAAPEAXI@Z 0000000180021cf0 f i encode.obj
 0001:00020cf0       ??_EBrotliOut@brotli@@UEAAPEAXI@Z 0000000180021cf0 f i * CIL library *:* CIL module *
 0001:00020cf0       ??_EBrotliIn@brotli@@UEAAPEAXI@Z 0000000180021cf0 f i * CIL library *:* CIL module *
 0001:00020d20       ?ParseAsUTF8@brotli@@YAHPEAHPEBEH@Z 0000000180021d20 f   encode.obj
 0001:00020e70       ??0BrotliCompressor@brotli@@QEAA@UBrotliParams@1@@Z 0000000180021e70 f   encode.obj
 0001:000211f0       ?CopyInputToRingBuffer@BrotliCompressor@brotli@@QEAAX_KPEBE@Z 00000001800221f0 f   encode.obj
 0001:000212f0       ?WriteBrotliData@BrotliCompressor@brotli@@QEAA_N_N0PEA_KPEAPEAE@Z 00000001800222f0 f   encode.obj
 0001:000216b0       ?WriteMetaBlockInternal@BrotliCompressor@brotli@@AEAA_N_N0PEA_KPEAPEAE@Z 00000001800226b0 f   encode.obj
 0001:00021db0       ?BrotliCompress@brotli@@YAHUBrotliParams@1@PEAVBrotliIn@1@PEAVBrotliOut@1@@Z 0000000180022db0 f   encode.obj
 0001:00021f90       ??1MetaBlockSplit@brotli@@QEAA@XZ 0000000180022f90 f i encode.obj
 0001:000220a0       ??1BlockSplit@brotli@@QEAA@XZ 00000001800230a0 f i encode.obj
 0001:00022150       ??1?$unique_ptr@UHashers@brotli@@U?$default_delete@UHashers@brotli@@@std@@@std@@QEAA@XZ 0000000180023150 f i encode.obj
 0001:00022230       ??A?$unordered_map@IHU?$hash@I@std@@U?$equal_to@I@2@V?$allocator@U?$pair@$$CBIH@std@@@2@@std@@QEAAAEAHAEBI@Z 0000000180023230 f i encode.obj
 0001:00022370       ?_Init@?$_Hash@V?$_Umap_traits@IHV?$_Uhash_compare@IU?$hash@I@std@@U?$equal_to@I@2@@std@@V?$allocator@U?$pair@$$CBIH@std@@@2@$0A@@std@@@std@@IEAAX_K@Z 0000000180023370 f i encode.obj
 0001:00022370       ?_Init@?$_Hash@V?$_Umap_traits@V?$basic_string@DU?$char_traits@D@std@@V?$allocator@D@2@@std@@HV?$_Uhash_compare@V?$basic_string@DU?$char_traits@D@std@@V?$allocator@D@2@@std@@U?$hash@V?$basic_string@DU?$char_traits@D@std@@V?$allocator@D@2@@std@@@2@U?$equal_to@V?$basic_string@DU?$char_traits@D@std@@V?$allocator@D@2@@std@@@2@@2@V?$allocator@U?$pair@$$CBV?$basic_string@DU?$char_traits@D@std@@V?$allocator@D@2@@std@@H@std@@@2@$0A@@std@@@std@@IEAAX_K@Z 0000000180023370 f i encode.obj
 0001:00022510       ?assign@?$vector@V?$_List_unchecked_iterator@V?$_List_val@U?$_List_simple_types@U?$pair@$$CBIH@std@@@std@@@std@@@std@@V?$allocator@V?$_List_unchecked_iterator@V?$_List_val@U?$_List_simple_types@U?$pair@$$CBIH@std@@@std@@@std@@@std@@@2@@std@@QEAAX_KAEBV?$_List_unchecked_iterator@V?$_List_val@U?$_List_simple_types@U?$pair@$$CBIH@std@@@std@@@std@@@2@@Z 0000000180023510 f i encode.obj
 0001:00022510       ?assign@?$vector@V?$_List_unchecked_iterator@V?$_List_val@U?$_List_simple_types@U?$pair@$$CBV?$basic_string@DU?$char_traits@D@std@@V?$allocator@D@2@@std@@H@std@@@std@@@std@@@std@@V?$allocator@V?$_List_unchecked_iterator@V?$_List_val@U?$_List_simple_types@U?$pair@$$CBV?$basic_string@DU?$char_traits@D@std@@V?$allocator@D@2@@std@@H@std@@@std@@@std@@@std@@@2@@std@@QEAAX_KAEBV?$_List_unchecked_iterator@V?$_List_val@U?$_List_simple_types@U?$pair@$$CBV?$basic_string@DU?$char_traits@D@std@@V?$allocator@D@2@@std@@H@std@@@std@@@std@@@2@@Z 0000000180023510 f i encode.obj
 0001:000226d0       ??$_Reallocate_grow_by@V<lambda_65e615be2a453ca0576c979606f46740>@@PEBD_K@?$basic_string@DU?$char_traits@D@std@@V?$allocator@D@2@@std@@QEAAAEAV01@_KV<lambda_65e615be2a453ca0576c979606f46740>@@PEBD_K@Z 00000001800236d0 f i encode.obj
 0001:00022850       ??$_Fill_unchecked@PEAV?$_List_unchecked_iterator@V?$_List_val@U?$_List_simple_types@U?$pair@$$CBIH@std@@@std@@@std@@@std@@V12@@std@@YAXPEAV?$_List_unchecked_iterator@V?$_List_val@U?$_List_simple_types@U?$pair@$$CBIH@std@@@std@@@std@@@0@0AEBV10@@Z 0000000180023850 f i encode.obj
 0001:00022850       ??$_Fill_unchecked@PEAV?$_List_unchecked_iterator@V?$_List_val@U?$_List_simple_types@U?$pair@$$CBV?$basic_string@DU?$char_traits@D@std@@V?$allocator@D@2@@std@@H@std@@@std@@@std@@@std@@V12@@std@@YAXPEAV?$_List_unchecked_iterator@V?$_List_val@U?$_List_simple_types@U?$pair@$$CBV?$basic_string@DU?$char_traits@D@std@@V?$allocator@D@2@@std@@H@std@@@std@@@std@@@0@0AEBV10@@Z 0000000180023850 f i encode.obj
 0001:000228f0       ??$_Try_emplace@AEBV?$basic_string@DU?$char_traits@D@std@@V?$allocator@D@2@@std@@$$V@?$unordered_map@V?$basic_string@DU?$char_traits@D@std@@V?$allocator@D@2@@std@@HU?$hash@V?$basic_string@DU?$char_traits@D@std@@V?$allocator@D@2@@std@@@2@U?$equal_to@V?$basic_string@DU?$char_traits@D@std@@V?$allocator@D@2@@std@@@2@V?$allocator@U?$pair@$$CBV?$basic_string@DU?$char_traits@D@std@@V?$allocator@D@2@@std@@H@std@@@2@@std@@QEAA?AU?$pair@V?$_List_iterator@V?$_List_val@U?$_List_simple_types@U?$pair@$$CBV?$basic_string@DU?$char_traits@D@std@@V?$allocator@D@2@@std@@H@std@@@std@@@std@@@std@@_N@1@AEBV?$basic_string@DU?$char_traits@D@std@@V?$allocator@D@2@@1@@Z 00000001800238f0 f i encode.obj
 0001:00022aa0       ?reserve@?$basic_string@DU?$char_traits@D@std@@V?$allocator@D@2@@std@@QEAAX_K@Z 0000000180023aa0 f i encode.obj
 0001:00022c60       ??$emplace@AEBUpiecewise_construct_t@std@@V?$tuple@AEBV?$basic_string@DU?$char_traits@D@std@@V?$allocator@D@2@@std@@@2@V?$tuple@$$V@2@@?$_Hash@V?$_Umap_traits@V?$basic_string@DU?$char_traits@D@std@@V?$allocator@D@2@@std@@HV?$_Uhash_compare@V?$basic_string@DU?$char_traits@D@std@@V?$allocator@D@2@@std@@U?$hash@V?$basic_string@DU?$char_traits@D@std@@V?$allocator@D@2@@std@@@2@U?$equal_to@V?$basic_string@DU?$char_traits@D@std@@V?$allocator@D@2@@std@@@2@@2@V?$allocator@U?$pair@$$CBV?$basic_string@DU?$char_traits@D@std@@V?$allocator@D@2@@std@@H@std@@@2@$0A@@std@@@std@@QEAA?AU?$pair@V?$_List_iterator@V?$_List_val@U?$_List_simple_types@U?$pair@$$CBV?$basic_string@DU?$char_traits@D@std@@V?$allocator@D@2@@std@@H@std@@@std@@@std@@@std@@_N@1@AEBUpiecewise_construct_t@1@$$QEAV?$tuple@AEBV?$basic_string@DU?$char_traits@D@std@@V?$allocator@D@2@@std@@@1@$$QEAV?$tuple@$$V@1@@Z 0000000180023c60 f i encode.obj
 0001:00022dd0       ?push_back@?$basic_string@DU?$char_traits@D@std@@V?$allocator@D@2@@std@@QEAAXD@Z 0000000180023dd0 f i encode.obj
 0001:00022f60       ??$_Insert@AEAU?$pair@$$CBIH@std@@V?$_List_unchecked_iterator@V?$_List_val@U?$_List_simple_types@U?$pair@$$CBIH@std@@@std@@@std@@@2@@?$_Hash@V?$_Umap_traits@IHV?$_Uhash_compare@IU?$hash@I@std@@U?$equal_to@I@2@@std@@V?$allocator@U?$pair@$$CBIH@std@@@2@$0A@@std@@@std@@IEAA?AU?$pair@V?$_List_iterator@V?$_List_val@U?$_List_simple_types@U?$pair@$$CBIH@std@@@std@@@std@@@std@@_N@1@AEAU?$pair@$$CBIH@1@V?$_List_unchecked_iterator@V?$_List_val@U?$_List_simple_types@U?$pair@$$CBIH@std@@@std@@@std@@@1@@Z 0000000180023f60 f i encode.obj
 0001:00023180       ??$_Insert@AEAU?$pair@$$CBV?$basic_string@DU?$char_traits@D@std@@V?$allocator@D@2@@std@@H@std@@V?$_List_unchecked_iterator@V?$_List_val@U?$_List_simple_types@U?$pair@$$CBV?$basic_string@DU?$char_traits@D@std@@V?$allocator@D@2@@std@@H@std@@@std@@@std@@@2@@?$_Hash@V?$_Umap_traits@V?$basic_string@DU?$char_traits@D@std@@V?$allocator@D@2@@std@@HV?$_Uhash_compare@V?$basic_string@DU?$char_traits@D@std@@V?$allocator@D@2@@std@@U?$hash@V?$basic_string@DU?$char_traits@D@std@@V?$allocator@D@2@@std@@@2@U?$equal_to@V?$basic_string@DU?$char_traits@D@std@@V?$allocator@D@2@@std@@@2@@2@V?$allocator@U?$pair@$$CBV?$basic_string@DU?$char_traits@D@std@@V?$allocator@D@2@@std@@H@std@@@2@$0A@@std@@@std@@IEAA?AU?$pair@V?$_List_iterator@V?$_List_val@U?$_List_simple_types@U?$pair@$$CBV?$basic_string@DU?$char_traits@D@std@@V?$allocator@D@2@@std@@H@std@@@std@@@std@@@std@@_N@1@AEAU?$pair@$$CBV?$basic_string@DU?$char_traits@D@std@@V?$allocator@D@2@@std@@H@1@V?$_List_unchecked_iterator@V?$_List_val@U?$_List_simple_types@U?$pair@$$CBV?$basic_string@DU?$char_traits@D@std@@V?$allocator@D@2@@std@@H@std@@@std@@@std@@@1@@Z 0000000180024180 f i encode.obj
 0001:000233c0       ?_Destroy_if_node@?$_Hash@V?$_Umap_traits@V?$basic_string@DU?$char_traits@D@std@@V?$allocator@D@2@@std@@HV?$_Uhash_compare@V?$basic_string@DU?$char_traits@D@std@@V?$allocator@D@2@@std@@U?$hash@V?$basic_string@DU?$char_traits@D@std@@V?$allocator@D@2@@std@@@2@U?$equal_to@V?$basic_string@DU?$char_traits@D@std@@V?$allocator@D@2@@std@@@2@@2@V?$allocator@U?$pair@$$CBV?$basic_string@DU?$char_traits@D@std@@V?$allocator@D@2@@std@@H@std@@@2@$0A@@std@@@std@@IEAAXV?$_List_unchecked_iterator@V?$_List_val@U?$_List_simple_types@U?$pair@$$CBV?$basic_string@DU?$char_traits@D@std@@V?$allocator@D@2@@std@@H@std@@@std@@@std@@@2@@Z 00000001800243c0 f i encode.obj
 0001:000234f0       ?CreateHuffmanTree@brotli@@YAXPEBHHHPEAE@Z 00000001800244f0 f   entropy_encode.obj
 0001:00023930       ?WriteHuffmanTreeRepetitions@brotli@@YAXHHHPEAV?$vector@EV?$allocator@E@std@@@std@@0@Z 0000000180024930 f   entropy_encode.obj
 0001:00023db0       ?WriteHuffmanTreeRepetitionsZeros@brotli@@YAXHPEAV?$vector@EV?$allocator@E@std@@@std@@0@Z 0000000180024db0 f   entropy_encode.obj
 0001:00023f20       ?OptimizeHuffmanCountsForRle@brotli@@YAHHPEAH@Z 0000000180024f20 f   entropy_encode.obj
 0001:00024460       ?WriteHuffmanTree@brotli@@YAXPEBEIPEAV?$vector@EV?$allocator@E@std@@@std@@1@Z 0000000180025460 f   entropy_encode.obj
 0001:00024600       ?ConvertBitDepthsToSymbols@brotli@@YAXPEBEHPEAG@Z 0000000180025600 f   entropy_encode.obj
 0001:00025910       ?BuildHistograms@brotli@@YAXPEBUCommand@1@_KAEBVBlockSplit@1@22PEBE_K4EEAEBV?$vector@HV?$allocator@H@std@@@std@@PEAV?$vector@U?$Histogram@$0BAA@@brotli@@V?$allocator@U?$Histogram@$0BAA@@brotli@@@std@@@5@PEAV?$vector@U?$Histogram@$0CMA@@brotli@@V?$allocator@U?$Histogram@$0CMA@@brotli@@@std@@@5@PEAV?$vector@U?$Histogram@$0CAI@@brotli@@V?$allocator@U?$Histogram@$0CAI@@brotli@@@std@@@5@@Z 0000000180026910 f   histogram.obj
 0001:00025c50       ?EstimateBitCostsForLiteralsUTF8@brotli@@YAX_K000PEBEPEAM@Z 0000000180026c50 f   literal_cost.obj
 0001:000261d0       ?EstimateBitCostsForLiterals@brotli@@YAX_K000PEBEPEAM@Z 00000001800271d0 f   literal_cost.obj
 0001:00026560       ?BuildMetaBlock@brotli@@YAXPEBE_K1EEPEBUCommand@1@_KH_NPEAUMetaBlockSplit@1@@Z 0000000180027560 f   metablock.obj
 0001:00026a10       ?BuildMetaBlockGreedy@brotli@@YAXPEBE_K1PEBUCommand@1@1PEAUMetaBlockSplit@1@@Z 0000000180027a10 f   metablock.obj
 0001:00026e70       ?OptimizeHistograms@brotli@@YAXHHPEAUMetaBlockSplit@1@@Z 0000000180027e70 f   metablock.obj
 0001:00027030       ?FinishBlock@?$BlockSplitter@U?$Histogram@$0CAI@@brotli@@@brotli@@QEAAX_N@Z 0000000180028030 f i metablock.obj
 0001:00027420       ?FinishBlock@?$BlockSplitter@U?$Histogram@$0CMA@@brotli@@@brotli@@QEAAX_N@Z 0000000180028420 f i metablock.obj
 0001:00027810       ?FinishBlock@?$BlockSplitter@U?$Histogram@$0BAA@@brotli@@@brotli@@QEAAX_N@Z 0000000180028810 f i metablock.obj
 0001:00027d10       ??$_Assign_range@PEAU?$Histogram@$0CAI@@brotli@@@?$vector@U?$Histogram@$0CAI@@brotli@@V?$allocator@U?$Histogram@$0CAI@@brotli@@@std@@@std@@AEAAXPEAU?$Histogram@$0CAI@@brotli@@0Uforward_iterator_tag@1@@Z 0000000180028d10 f i metablock.obj
 0001:00027ee0       ??$_Assign_range@PEAU?$Histogram@$0BAA@@brotli@@@?$vector@U?$Histogram@$0BAA@@brotli@@V?$allocator@U?$Histogram@$0BAA@@brotli@@@std@@@std@@AEAAXPEAU?$Histogram@$0BAA@@brotli@@0Uforward_iterator_tag@1@@Z 0000000180028ee0 f i metablock.obj
 0001:00028060       ??_EBrotliMemOut@brotli@@UEAAPEAXI@Z 0000000180029060 f i * CIL library *:* CIL module *
 0001:00028060       ??_GBrotliMemIn@brotli@@UEAAPEAXI@Z 0000000180029060 f i streams.obj
 0001:00028060       ??_EBrotliMemIn@brotli@@UEAAPEAXI@Z 0000000180029060 f i * CIL library *:* CIL module *
 0001:00028060       ??_GBrotliMemOut@brotli@@UEAAPEAXI@Z 0000000180029060 f i streams.obj
 0001:00028090       ?Write@BrotliMemOut@brotli@@UEAA_NPEBX_K@Z 0000000180029090 f   streams.obj
 0001:000280e0       ?Read@BrotliMemIn@brotli@@UEAAPEBX_KPEA_K@Z 00000001800290e0 f   streams.obj
 0001:0002815c       __imp_load_?Value@External@v8@@QEBAPEAXXZ 000000018002915c f   node:node.exe
 0001:00028168       __tailMerge_node_exe       0000000180029168     node:node.exe
 0001:000281e1       __imp_load_?New@External@v8@@SA?AV?$Local@VExternal@v8@@@2@PEAVIsolate@2@PEAX@Z 00000001800291e1 f   node:node.exe
 0001:000281ed       __imp_load_?ThrowException@Isolate@v8@@QEAA?AV?$Local@VValue@v8@@@2@V32@@Z 00000001800291ed f   node:node.exe
 0001:000281f9       __imp_load_?GetCurrentContext@Isolate@v8@@QEAA?AV?$Local@VContext@v8@@@2@XZ 00000001800291f9 f   node:node.exe
 0001:00028205       __imp_load_?GetCurrent@Isolate@v8@@SAPEAV12@XZ 0000000180029205 f   node:node.exe
 0001:00028211       __imp_load_?CreateHandle@HandleScope@v8@@CAPEAPEAVObject@internal@2@PEAVHeapObject@42@PEAV342@@Z 0000000180029211 f   node:node.exe
 0001:0002821d       __imp_load_??1HandleScope@v8@@QEAA@XZ 000000018002921d f   node:node.exe
 0001:00028229       __imp_load_??0HandleScope@v8@@QEAA@PEAVIsolate@1@@Z 0000000180029229 f   node:node.exe
 0001:00028235       __imp_load_?Error@Exception@v8@@SA?AV?$Local@VValue@v8@@@2@V?$Local@VString@v8@@@2@@Z 0000000180029235 f   node:node.exe
 0001:00028241       __imp_load_?TypeError@Exception@v8@@SA?AV?$Local@VValue@v8@@@2@V?$Local@VString@v8@@@2@@Z 0000000180029241 f   node:node.exe
 0001:0002824d       __imp_load_?GetFunction@FunctionTemplate@v8@@QEAA?AV?$MaybeLocal@VFunction@v8@@@2@V?$Local@VContext@v8@@@2@@Z 000000018002924d f   node:node.exe
 0001:00028259       __imp_load_?New@FunctionTemplate@v8@@SA?AV?$Local@VFunctionTemplate@v8@@@2@PEAVIsolate@2@P6AXAEBV?$FunctionCallbackInfo@VValue@v8@@@2@@ZV?$Local@VValue@v8@@@2@V?$Local@VSignature@v8@@@2@HW4ConstructorBehavior@2@W4SideEffectType@2@@Z 0000000180029259 f   node:node.exe
 0001:00028265       __imp_load_?ToLocalEmpty@V8@v8@@CAXXZ 0000000180029265 f   node:node.exe
 0001:00028271       __imp_load_?ToObject@Value@v8@@QEBA?AV?$MaybeLocal@VObject@v8@@@2@V?$Local@VContext@v8@@@2@@Z 0000000180029271 f   node:node.exe
 0001:0002827d       __imp_load_?Escape@EscapableHandleScope@v8@@AEAAPEAPEAVObject@internal@2@PEAPEAV342@@Z 000000018002927d f   node:node.exe
 0001:00028289       __imp_load_??0EscapableHandleScope@v8@@QEAA@PEAVIsolate@1@@Z 0000000180029289 f   node:node.exe
 0001:00028295       __imp_load_?NewFromUtf8@String@v8@@SA?AV?$MaybeLocal@VString@v8@@@2@PEAVIsolate@2@PEBDW4NewStringType@2@H@Z 0000000180029295 f   node:node.exe
 0001:000282a1       __imp_load_?SlowGetInternalField@Object@v8@@AEAA?AV?$Local@VValue@v8@@@2@H@Z 00000001800292a1 f   node:node.exe
 0001:000282ad       __imp_load_?SetInternalField@Object@v8@@QEAAXHV?$Local@VValue@v8@@@2@@Z 00000001800292ad f   node:node.exe
 0001:000282b9       __imp_load_?Set@Object@v8@@QEAA?AV?$Maybe@_N@2@V?$Local@VContext@v8@@@2@V?$Local@VValue@v8@@@2@1@Z 00000001800292b9 f   node:node.exe
 0001:000282c5       __imp_load_?SetInternalFieldCount@ObjectTemplate@v8@@QEAAXH@Z 00000001800292c5 f   node:node.exe
 0001:000282d1       __imp_load_?NewInstance@ObjectTemplate@v8@@QEAA?AV?$MaybeLocal@VObject@v8@@@2@V?$Local@VContext@v8@@@2@@Z 00000001800292d1 f   node:node.exe
 0001:000282dd       __imp_load_?New@ObjectTemplate@v8@@SA?AV?$Local@VObjectTemplate@v8@@@2@PEAVIsolate@2@V?$Local@VFunctionTemplate@v8@@@2@@Z 00000001800292dd f   node:node.exe
 0001:000282e9       __imp_load_node_module_register 00000001800292e9 f   node:node.exe
 0001:000282f5       __imp_load_?HasInstance@Buffer@node@@YA_NV?$Local@VObject@v8@@@v8@@@Z 00000001800292f5 f   node:node.exe
 0001:00028301       __imp_load_?New@Buffer@node@@YA?AV?$MaybeLocal@VObject@v8@@@v8@@PEAVIsolate@4@PEAD_K@Z 0000000180029301 f   node:node.exe
 0001:0002830d       __imp_load_?Data@Buffer@node@@YAPEADV?$Local@VObject@v8@@@v8@@@Z 000000018002930d f   node:node.exe
 0001:00028319       __imp_load_?Length@Buffer@node@@YA_KV?$Local@VObject@v8@@@v8@@@Z 0000000180029319 f   node:node.exe
 0001:00028328       ??0bad_alloc@std@@QEAA@AEBV01@@Z 0000000180029328 f i libcpmt:xthrow.obj
 0001:00028368       ??0bad_alloc@std@@QEAA@XZ  0000000180029368 f i libcpmt:xthrow.obj
 0001:00028388       ??0exception@std@@QEAA@AEBV01@@Z 0000000180029388 f i libcpmt:xthrow.obj
 0001:000283c0       ??0length_error@std@@QEAA@AEBV01@@Z 00000001800293c0 f i libcpmt:xthrow.obj
 0001:00028400       ??0length_error@std@@QEAA@PEBD@Z 0000000180029400 f i libcpmt:xthrow.obj
 0001:0002844c       ??0logic_error@std@@QEAA@AEBV01@@Z 000000018002944c f i libcpmt:xthrow.obj
 0001:0002848c       ??0out_of_range@std@@QEAA@AEBV01@@Z 000000018002948c f i libcpmt:xthrow.obj
 0001:000284cc       ??0out_of_range@std@@QEAA@PEBD@Z 00000001800294cc f i libcpmt:xthrow.obj
 0001:00028518       ??1bad_alloc@std@@UEAA@XZ  0000000180029518 f i libcpmt:xthrow.obj
 0001:00028518       ??1bad_exception@std@@UEAA@XZ 0000000180029518 f i libvcruntime:frame.obj
 0001:00028518       ??1length_error@std@@UEAA@XZ 0000000180029518 f i libcpmt:xthrow.obj
 0001:00028518       ??1out_of_range@std@@UEAA@XZ 0000000180029518 f i libcpmt:xthrow.obj
 0001:00028518       ??1bad_array_new_length@std@@UEAA@XZ 0000000180029518 f i LIBCMT:throw_bad_alloc.obj
 0001:0002852c       ??_Ebad_alloc@std@@UEAAPEAXI@Z 000000018002952c f i libcpmt:xthrow.obj
 0001:0002852c       ??_Ebad_exception@std@@UEAAPEAXI@Z 000000018002952c f i libvcruntime:frame.obj
 0001:0002852c       ??_Eexception@std@@UEAAPEAXI@Z 000000018002952c f i libcpmt:xthrow.obj
 0001:0002852c       ??_Glogic_error@std@@UEAAPEAXI@Z 000000018002952c f i libcpmt:xthrow.obj
 0001:0002852c       ??_Gbad_alloc@std@@UEAAPEAXI@Z 000000018002952c f i libcpmt:xthrow.obj
 0001:0002852c       ??_Gbad_exception@std@@UEAAPEAXI@Z 000000018002952c f i libvcruntime:frame.obj
 0001:0002852c       ??_Ebad_array_new_length@std@@UEAAPEAXI@Z 000000018002952c f i LIBCMT:throw_bad_alloc.obj
 0001:0002852c       ??_Elogic_error@std@@UEAAPEAXI@Z 000000018002952c f i libcpmt:xthrow.obj
 0001:0002852c       ??_Gexception@std@@UEAAPEAXI@Z 000000018002952c f i libcpmt:xthrow.obj
 0001:0002852c       ??_Gout_of_range@std@@UEAAPEAXI@Z 000000018002952c f i libcpmt:xthrow.obj
 0001:0002852c       ??_Gbad_array_new_length@std@@UEAAPEAXI@Z 000000018002952c f i LIBCMT:throw_bad_alloc.obj
 0001:0002852c       ??_Eout_of_range@std@@UEAAPEAXI@Z 000000018002952c f i libcpmt:xthrow.obj
 0001:0002852c       ??_Glength_error@std@@UEAAPEAXI@Z 000000018002952c f i libcpmt:xthrow.obj
 0001:0002852c       ??_Elength_error@std@@UEAAPEAXI@Z 000000018002952c f i libcpmt:xthrow.obj
 0001:00028570       ?_Xlength_error@std@@YAXPEBD@Z 0000000180029570 f   libcpmt:xthrow.obj
 0001:00028594       ?_Xout_of_range@std@@YAXPEBD@Z 0000000180029594 f   libcpmt:xthrow.obj
 0001:000285b8       ?what@exception@std@@UEBAPEBDXZ 00000001800295b8 f i libcpmt:xthrow.obj
 0001:000285cc       __std_reverse_trivially_swappable_8 00000001800295cc f   libcpmt:vector_algorithms.obj
 0001:000286a0       __security_check_cookie    00000001800296a0 f   LIBCMT:amdsecgs.obj
 0001:000286c4       ??2@YAPEAX_K@Z             00000001800296c4 f   LIBCMT:new_scalar.obj
 0001:00028700       ??_V@YAXPEAX@Z             0000000180029700 f   LIBCMT:delete_array.obj
 0001:00028700       ??3@YAXPEAX_K@Z            0000000180029700 f   LIBCMT:delete_scalar_size.obj
 0001:00028708       ??_U@YAPEAX_K@Z            0000000180029708 f   LIBCMT:new_array.obj
 0001:00028710       __raise_securityfailure    0000000180029710 f   LIBCMT:gs_report.obj
 0001:00028744       __report_gsfailure         0000000180029744 f   LIBCMT:gs_report.obj
 0001:00028818       __report_rangecheckfailure 0000000180029818 f   LIBCMT:gs_report.obj
 0001:0002882c       __report_securityfailure   000000018002982c f   LIBCMT:gs_report.obj
 0001:00028b34       _Init_thread_footer        0000000180029b34 f   LIBCMT:thread_safe_statics.obj
 0001:00028b94       _Init_thread_header        0000000180029b94 f   LIBCMT:thread_safe_statics.obj
 0001:00028bfc       _Init_thread_notify        0000000180029bfc f   LIBCMT:thread_safe_statics.obj
 0001:00028c4c       _Init_thread_wait          0000000180029c4c f   LIBCMT:thread_safe_statics.obj
 0001:00028cc4       ??2@YAPEAX_KAEBUnothrow_t@std@@@Z 0000000180029cc4 f   LIBCMT:new_scalar_nothrow.obj
 0001:00028ce4       ??3@YAXPEAX@Z              0000000180029ce4 f   LIBCMT:delete_scalar.obj
 0001:0002901c       _DllMainCRTStartup         000000018002a01c f   LIBCMT:dll_dllmain.obj
 0001:0002905c       ??_Gtype_info@@UEAAPEAXI@Z 000000018002a05c f i LIBCMT:std_type_info_static.obj
 0001:0002905c       ??_Etype_info@@UEAAPEAXI@Z 000000018002a05c f i LIBCMT:std_type_info_static.obj
 0001:00029088       __isa_available_init       000000018002a088 f   LIBCMT:cpu_disp.obj
 0001:00029244       ??0bad_array_new_length@std@@QEAA@AEBV01@@Z 000000018002a244 f i LIBCMT:throw_bad_alloc.obj
 0001:00029284       ??0bad_array_new_length@std@@QEAA@XZ 000000018002a284 f i LIBCMT:throw_bad_alloc.obj
 0001:000292a4       ?__scrt_throw_std_bad_alloc@@YAXXZ 000000018002a2a4 f   LIBCMT:throw_bad_alloc.obj
 0001:000292c4       ?__scrt_throw_std_bad_array_new_length@@YAXXZ 000000018002a2c4 f   LIBCMT:throw_bad_alloc.obj
 0001:000292e4       __scrt_acquire_startup_lock 000000018002a2e4 f   LIBCMT:utility.obj
 0001:00029320       __scrt_dllmain_after_initialize_c 000000018002a320 f   LIBCMT:utility.obj
 0001:00029354       __scrt_dllmain_before_initialize_c 000000018002a354 f   LIBCMT:utility.obj
 0001:0002936c       __scrt_dllmain_crt_thread_attach 000000018002a36c f   LIBCMT:utility.obj
 0001:00029394       __scrt_dllmain_crt_thread_detach 000000018002a394 f   LIBCMT:utility.obj
 0001:000293ac       __scrt_dllmain_exception_filter 000000018002a3ac f   LIBCMT:utility.obj
 0001:0002940c       __scrt_dllmain_uninitialize_c 000000018002a40c f   LIBCMT:utility.obj
 0001:0002943c       __scrt_dllmain_uninitialize_critical 000000018002a43c f   LIBCMT:utility.obj
 0001:00029450       __scrt_initialize_crt      000000018002a450 f   LIBCMT:utility.obj
 0001:0002949c       __scrt_initialize_onexit_tables 000000018002a49c f   LIBCMT:utility.obj
 0001:00029574       __scrt_is_nonwritable_in_current_image 000000018002a574 f   LIBCMT:utility.obj
 0001:00029610       __scrt_release_startup_lock 000000018002a610 f   LIBCMT:utility.obj
 0001:00029634       __scrt_uninitialize_crt    000000018002a634 f   LIBCMT:utility.obj
 0001:00029660       _onexit                    000000018002a660 f   LIBCMT:utility.obj
 0001:000296b0       atexit                     000000018002a6b0 f   LIBCMT:utility.obj
 0001:000296c8       __crt_debugger_hook        000000018002a6c8 f   LIBCMT:utility_desktop.obj
 0001:000296d0       __scrt_fastfail            000000018002a6d0 f   LIBCMT:utility_desktop.obj
 0001:0002981c       _guard_check_icall_nop     000000018002a81c f i LIBCMT:guard_support.obj
 0001:00029820       __security_init_cookie     000000018002a820 f   LIBCMT:gs_support.obj
 0001:000298cc       DllMain                    000000018002a8cc f   LIBCMT:dll_dllmain_stub.obj
 0001:000298cc       _get_startup_argv_mode     000000018002a8cc f   LIBCMT:argv_mode.obj
 0001:000298d4       ?__scrt_initialize_type_info@@YAXXZ 000000018002a8d4 f   LIBCMT:tncleanup.obj
 0001:000298e4       ?__scrt_uninitialize_type_info@@YAXXZ 000000018002a8e4 f   LIBCMT:tncleanup.obj
 0001:000298f0       __local_stdio_scanf_options 000000018002a8f0 f i LIBCMT:default_local_stdio_options.obj
 0001:000298f8       __scrt_initialize_default_local_stdio_options 000000018002a8f8 f   LIBCMT:default_local_stdio_options.obj
 0001:00029914       __scrt_get_dyn_tls_init_callback 000000018002a914 f   LIBCMT:dyn_tls_init.obj
 0001:0002991c       _RTC_Initialize            000000018002a91c f   LIBCMT:initsect.obj
 0001:00029958       _RTC_Terminate             000000018002a958 f   LIBCMT:initsect.obj
 0001:00029994       __scrt_is_ucrt_dll_in_use  000000018002a994 f   LIBCMT:ucrt_detection.obj
 0001:000299a0       _purecall                  000000018002a9a0 f   libvcruntime:purevirt.obj
 0001:000299d0       __std_exception_copy       000000018002a9d0 f   libvcruntime:std_exception.obj
 0001:00029a60       __std_exception_destroy    000000018002aa60 f   libvcruntime:std_exception.obj
 0001:00029a88       _CxxThrowException         000000018002aa88 f   libvcruntime:throw.obj
 0001:00029b48       __DestructExceptionObject  000000018002ab48 f   libvcruntime:ehhelpers.obj
 0001:00029bbc       ?_CallMemberFunction0@@YAXQEAX0@Z 000000018002abbc f i libvcruntime:ehhelpers.obj
 0001:00029bc0       _IsExceptionObjectToBeDestroyed 000000018002abc0 f   libvcruntime:ehhelpers.obj
 0001:00029bf0       __AdjustPointer            000000018002abf0 f   libvcruntime:ehhelpers.obj
 0001:00029c14       __FrameUnwindFilter        000000018002ac14 f   libvcruntime:ehhelpers.obj
 0001:00029c60       __std_terminate            000000018002ac60 f   libvcruntime:ehhelpers.obj
 0001:00029c6c       ??$_CallSETranslator@V__FrameHandler3@@@@YAHPEAUEHExceptionRecord@@PEA_KPEAU_CONTEXT@@PEAU_xDISPATCHER_CONTEXT@@PEBU_s_FuncInfo@@K1@Z 000000018002ac6c f i libvcruntime:risctrnsctrl.obj
 0001:00029cc0       ?CatchTryBlock@__FrameHandler3@@SAPEBU_s_TryBlockMapEntry@@PEBU_s_FuncInfo@@H@Z 000000018002acc0 f   libvcruntime:risctrnsctrl.obj
 0001:00029d18       ?ExecutionInCatch@__FrameHandler3@@SA_NPEAU_xDISPATCHER_CONTEXT@@PEBU_s_FuncInfo@@@Z 000000018002ad18 f   libvcruntime:risctrnsctrl.obj
 0001:00029d44       ?FrameUnwindToEmptyState@__FrameHandler3@@SAXPEA_KPEAU_xDISPATCHER_CONTEXT@@PEBU_s_FuncInfo@@@Z 000000018002ad44 f   libvcruntime:risctrnsctrl.obj
 0001:00029da8       ?GetEstablisherFrame@__FrameHandler3@@SAPEA_KPEA_KPEAU_xDISPATCHER_CONTEXT@@PEBU_s_FuncInfo@@0@Z 000000018002ada8 f   libvcruntime:risctrnsctrl.obj
 0001:00029e74       ?GetRangeOfTrysToCheck@__FrameHandler3@@SA?AU?$pair@Viterator@TryBlockMap@__FrameHandler3@@V123@@std@@AEAVTryBlockMap@1@HH@Z 000000018002ae74 f   libvcruntime:risctrnsctrl.obj
 0001:00029fd0       ?UnwindNestedFrames@__FrameHandler3@@SAXPEA_KPEAUEHExceptionRecord@@PEAU_CONTEXT@@0PEAXPEBU_s_FuncInfo@@HHPEBU_s_HandlerType@@PEAU_xDISPATCHER_CONTEXT@@E@Z 000000018002afd0 f   libvcruntime:risctrnsctrl.obj
 0001:0002a0f4       _CreateFrameInfo           000000018002b0f4 f   libvcruntime:risctrnsctrl.obj
 0001:0002a130       _FindAndUnlinkFrame        000000018002b130 f   libvcruntime:risctrnsctrl.obj
 0001:0002a184       _GetImageBase              000000018002b184 f   libvcruntime:risctrnsctrl.obj
 0001:0002a198       _GetThrowImageBase         000000018002b198 f   libvcruntime:risctrnsctrl.obj
 0001:0002a1ac       _SetImageBase              000000018002b1ac f   libvcruntime:risctrnsctrl.obj
 0001:0002a1c4       _SetThrowImageBase         000000018002b1c4 f   libvcruntime:risctrnsctrl.obj
 0001:0002a1dc       __CxxFrameHandler3         000000018002b1dc f   libvcruntime:risctrnsctrl.obj
 0001:0002a25c       __C_specific_handler       000000018002b25c f   libvcruntime:riscchandler.obj
 0001:0002a468       __vcrt_initialize          000000018002b468 f   libvcruntime:initialization.obj
 0001:0002a49c       __vcrt_thread_attach       000000018002b49c f   libvcruntime:initialization.obj
 0001:0002a4b0       __vcrt_thread_detach       000000018002b4b0 f   libvcruntime:initialization.obj
 0001:0002a4c4       __vcrt_uninitialize        000000018002b4c4 f   libvcruntime:initialization.obj
 0001:0002a4e4       __vcrt_uninitialize_critical 000000018002b4e4 f   libvcruntime:initialization.obj
 0001:0002a510       memset_repmovs             000000018002b510 f   libvcruntime:memset.obj
 0001:0002a530       memset                     000000018002b530 f   libvcruntime:memset.obj
 0001:0002a6c0       __std_type_info_compare    000000018002b6c0 f   libvcruntime:std_type_info.obj
 0001:0002a6e8       __std_type_info_destroy_list 000000018002b6e8 f   libvcruntime:std_type_info.obj
 0001:0002a714       __vcrt_initialize_pure_virtual_call_handler 000000018002b714 f   libvcruntime:purevirt_data.obj
 0001:0002a724       __vcrt_freefls             000000018002b724 f   libvcruntime:per_thread_data.obj
 0001:0002a744       __vcrt_freeptd             000000018002b744 f   libvcruntime:per_thread_data.obj
 0001:0002a794       __vcrt_getptd              000000018002b794 f   libvcruntime:per_thread_data.obj
 0001:0002a7b0       __vcrt_getptd_noexit       000000018002b7b0 f   libvcruntime:per_thread_data.obj
 0001:0002a87c       __vcrt_initialize_ptd      000000018002b87c f   libvcruntime:per_thread_data.obj
 0001:0002a8d0       __vcrt_uninitialize_ptd    000000018002b8d0 f   libvcruntime:per_thread_data.obj
 0001:0002a8f4       ?GetCurrentState@__FrameHandler3@@SAHPEA_KPEAU_xDISPATCHER_CONTEXT@@PEBU_s_FuncInfo@@@Z 000000018002b8f4 f   libvcruntime:ehstate.obj
 0001:0002a91c       ?GetUnwindTryBlock@__FrameHandler3@@SAHPEA_KPEAU_xDISPATCHER_CONTEXT@@PEBU_s_FuncInfo@@@Z 000000018002b91c f   libvcruntime:ehstate.obj
 0001:0002a948       ?SetState@__FrameHandler3@@SAXPEA_KPEBU_s_FuncInfo@@H@Z 000000018002b948 f   libvcruntime:ehstate.obj
 0001:0002a954       ?SetUnwindTryBlock@__FrameHandler3@@SAXPEA_KPEAU_xDISPATCHER_CONTEXT@@PEBU_s_FuncInfo@@H@Z 000000018002b954 f   libvcruntime:ehstate.obj
 0001:0002a990       ?StateFromControlPc@__FrameHandler3@@SAHPEBU_s_FuncInfo@@PEAU_xDISPATCHER_CONTEXT@@@Z 000000018002b990 f   libvcruntime:ehstate.obj
 0001:0002a998       ?StateFromIp@__FrameHandler3@@SAHPEBU_s_FuncInfo@@PEAU_xDISPATCHER_CONTEXT@@_K@Z 000000018002b998 f   libvcruntime:ehstate.obj
 0001:0002b424       ??$TypeMatchHelper@V__FrameHandler3@@@@YAHPEBU_s_HandlerType@@PEBU_s_CatchableType@@PEBU_s_ThrowInfo@@@Z 000000018002c424 f i libvcruntime:frame.obj
 0001:0002b568       ??$__InternalCxxFrameHandler@V__FrameHandler3@@@@YA?AW4_EXCEPTION_DISPOSITION@@PEAUEHExceptionRecord@@PEA_KPEAU_CONTEXT@@PEAU_xDISPATCHER_CONTEXT@@PEBU_s_FuncInfo@@H1E@Z 000000018002c568 f i libvcruntime:frame.obj
 0001:0002b7b0       ??0bad_exception@std@@QEAA@AEBV01@@Z 000000018002c7b0 f i libvcruntime:frame.obj
 0001:0002b7f0       ??0bad_exception@std@@QEAA@XZ 000000018002c7f0 f i libvcruntime:frame.obj
 0001:0002b810       ?CxxCallCatchBlock@__FrameHandler3@@SAPEAXPEAU_EXCEPTION_RECORD@@@Z 000000018002c810 f   libvcruntime:frame.obj
 0001:0002ba84       ?FrameUnwindToState@__FrameHandler3@@SAXPEA_KPEAU_xDISPATCHER_CONTEXT@@PEBU_s_FuncInfo@@H@Z 000000018002ca84 f   libvcruntime:frame.obj
 0001:0002bc18       ?GetHandlerSearchState@__FrameHandler3@@SAHPEA_KPEAU_xDISPATCHER_CONTEXT@@PEBU_s_FuncInfo@@@Z 000000018002cc18 f i libvcruntime:frame.obj
 0001:0002be1c       ?_CallMemberFunction1@@YAXQEAX00@Z 000000018002ce1c f i libvcruntime:frame.obj
 0001:0002be28       ?_CallMemberFunction2@@YAXQEAX00H@Z 000000018002ce28 f i libvcruntime:frame.obj
 0001:0002be50       _NLG_Notify                000000018002ce50 f   libvcruntime:notify.obj
 0001:0002be70       __NLG_Dispatch2            000000018002ce70 f   libvcruntime:notify.obj
 0001:0002be80       __NLG_Return2              000000018002ce80 f   libvcruntime:notify.obj
 0001:0002be84       __except_validate_context_record 000000018002ce84 f   libvcruntime:jbcxrval.obj
 0001:0002bebc       __vcrt_initialize_locks    000000018002cebc f   libvcruntime:locks.obj
 0001:0002bf04       __vcrt_uninitialize_locks  000000018002cf04 f   libvcruntime:locks.obj
 0001:0002c114       __vcrt_FlsAlloc            000000018002d114 f   libvcruntime:winapi_downlevel.obj
 0001:0002c15c       __vcrt_FlsFree             000000018002d15c f   libvcruntime:winapi_downlevel.obj
 0001:0002c1a4       __vcrt_FlsGetValue         000000018002d1a4 f   libvcruntime:winapi_downlevel.obj
 0001:0002c1ec       __vcrt_FlsSetValue         000000018002d1ec f   libvcruntime:winapi_downlevel.obj
 0001:0002c240       __vcrt_InitializeCriticalSectionEx 000000018002d240 f   libvcruntime:winapi_downlevel.obj
 0001:0002c2a4       __vcrt_initialize_winapi_thunks 000000018002d2a4 f   libvcruntime:winapi_downlevel.obj
 0001:0002c2d4       __vcrt_uninitialize_winapi_thunks 000000018002d2d4 f   libvcruntime:winapi_downlevel.obj
 0001:0002c330       _CallSettingFrame          000000018002d330 f   libvcruntime:handlers.obj
 0001:0002c380       _CallSettingFrameEncoded   000000018002d380 f   libvcruntime:handlers.obj
 0001:0002c3e0       memcpy_repmovs             000000018002d3e0 f   libvcruntime:memcpy.obj
 0001:0002c400       memcpy                     000000018002d400 f   libvcruntime:memcpy.obj
 0001:0002c400       memmove                    000000018002d400 f   libvcruntime:memcpy.obj
 0001:0002c838       calloc                     000000018002d838 f   libucrt:calloc.obj
 0001:0002c840       realloc                    000000018002d840 f   libucrt:realloc.obj
 0001:0002cf60       ??$ftprintf@PEAU_iobuf@@PEB_WAEBQEB_WAEBQEB_WAEBI@?$__crt_char_traits@_W@@SAH$$QEAPEAU_iobuf@@$$QEAPEB_WAEBQEB_W2AEBI@Z 000000018002df60 f i libucrt:assert.obj
 0001:0002cf88       _wassert                   000000018002df88 f   libucrt:assert.obj
 0001:0002cffc       fwprintf                   000000018002dffc f i libucrt:assert.obj
 0001:0002d040       swprintf                   000000018002e040 f i libucrt:assert.obj
 0001:0002d094       __acrt_call_reportfault    000000018002e094 f   libucrt:invalid_parameter.obj
 0001:0002d1f0       __acrt_initialize_invalid_parameter_handler 000000018002e1f0 f   libucrt:invalid_parameter.obj
 0001:0002d1f8       _invalid_parameter         000000018002e1f8 f   libucrt:invalid_parameter.obj
 0001:0002d2a8       _invalid_parameter_noinfo  000000018002e2a8 f   libucrt:invalid_parameter.obj
[...]
 0004:00003204       $pdata$_recalloc_base      00000001800e3204     libucrt:recalloc.obj
 0004:00003210       $pdata$__acrt_initialize_heap 00000001800e3210     libucrt:heap_handle.obj
 0004:0000321c       $pdata$__acrt_execute_initializers 00000001800e321c     libucrt:shared_initialization.obj
 0004:00003228       $pdata$__acrt_execute_uninitializers 00000001800e3228     libucrt:shared_initialization.obj
 0004:00003234       $pdata$__pctype_func       00000001800e3234     libucrt:ctype.obj
 0004:00003240       $pdata$iswctype            00000001800e3240     libucrt:iswctype.obj
 0004:0000324c       $pdata$_isctype_l          00000001800e324c     libucrt:isctype.obj
 0004:00003258       $pdata$??$?RV<lambda_a37b2b86f63e897a80ea819b0eb08c01>@@AEAV<lambda_38ce7e780aa69e748d6df282ebc68efe>@@V<lambda_99fb1378e971ab6e7edea83e3a7a83a2>@@@?$__crt_seh_guarded_call@H@@QEAAH$$QEAV<lambda_a37b2b86f63e897a80ea819b0eb08c01>@@AEAV<lambda_38ce7e780aa69e748d6df282ebc68efe>@@$$QEAV<lambda_99fb1378e971ab6e7edea83e3a7a83a2>@@@Z 00000001800e3258     libucrt:commit.obj
 0004:00003264       $pdata$_commit             00000001800e3264     libucrt:commit.obj
 0004:00003270       $pdata$__acrt_free_locale  00000001800e3270     libucrt:locale_refcounting.obj
 0004:0000327c       $pdata$__acrt_locale_free_lc_time_if_unreferenced 00000001800e327c     libucrt:locale_refcounting.obj
 0004:00003288       $pdata$__acrt_release_locale_ref 00000001800e3288     libucrt:locale_refcounting.obj
 0004:00003294       $pdata$__acrt_update_thread_locale_data 00000001800e3294     libucrt:locale_refcounting.obj
 0004:000032a0       $pdata$_updatetlocinfoEx_nolock 00000001800e32a0     libucrt:locale_refcounting.obj
 0004:000032ac       $pdata$?GetTableIndexFromLocaleName@@YAHPEB_W@Z 00000001800e32ac     libucrt:lcidtoname_downlevel.obj
 0004:000032b8       $pdata$__acrt_DownlevelLocaleNameToLCID 00000001800e32b8     libucrt:lcidtoname_downlevel.obj
 0004:000032c4       $pdata$_fclose_nolock      00000001800e32c4     libucrt:fclose.obj
 0004:000032d0       $pdata$fclose              00000001800e32d0     libucrt:fclose.obj
 0004:000032dc       $pdata$__acrt_lowio_create_handle_array 00000001800e32dc     libucrt:osfinfo.obj
 0004:000032e8       $pdata$__acrt_lowio_destroy_handle_array 00000001800e32e8     libucrt:osfinfo.obj
 0004:000032f4       $pdata$__acrt_lowio_ensure_fh_exists 00000001800e32f4     libucrt:osfinfo.obj
 0004:00003300       $pdata$_free_osfhnd        00000001800e3300     libucrt:osfinfo.obj
 0004:0000330c       $pdata$_get_osfhandle      00000001800e330c     libucrt:osfinfo.obj
 0004:00003318       $pdata$_isleadbyte_l       00000001800e3318     libucrt:_wctype.obj
 0004:00003324       $pdata$?__acrt_LCMapStringA_stat@@YAHPEAU__crt_locale_pointers@@PEB_WKPEBDHPEADHHH@Z 00000001800e3324     libucrt:lcmapstringa.obj
 0004:00003330       $pdata$__acrt_LCMapStringA 00000001800e3330     libucrt:lcmapstringa.obj
 0004:0000333c       $pdata$?__mbrtowc_utf8@__crt_mbstring@@YA_KPEA_WPEBD_KPEAU_Mbstatet@@@Z 00000001800e333c     libucrt:mbrtowc.obj
 0004:00003348       $pdata$?__mbsrtowcs_utf8@__crt_mbstring@@YA_KPEA_WPEAPEBD_KPEAU_Mbstatet@@@Z 00000001800e3348     libucrt:mbrtowc.obj
 0004:00003354       $pdata$?__c32rtomb_utf8@__crt_mbstring@@YA_KPEAD_UPEAU_Mbstatet@@@Z 00000001800e3354     libucrt:c32rtomb.obj
 0004:00003360       $pdata$__acrt_fp_strflt_to_string 00000001800e3360     libucrt:_fptostr.obj
 0004:0000336c       $pdata$?divide@__crt_strtox@@YA_KAEAUbig_integer@1@AEBU21@@Z 00000001800e336c     libucrt:cfout.obj
 0004:00003378       $pdata$0$?divide@__crt_strtox@@YA_KAEAUbig_integer@1@AEBU21@@Z 00000001800e3378     libucrt:cfout.obj
 0004:00003384       $pdata$1$?divide@__crt_strtox@@YA_KAEAUbig_integer@1@AEBU21@@Z 00000001800e3384     libucrt:cfout.obj
 0004:00003390       $pdata$__acrt_fltout       00000001800e3390     libucrt:cfout.obj
 0004:0000339c       $pdata$memcpy_s            00000001800e339c     libucrt:cfout.obj
 0004:000033a8       $pdata$_isatty             00000001800e33a8     libucrt:isatty.obj
 0004:000033b4       $pdata$__acrt_locale_free_monetary 00000001800e33b4     libucrt:initmon.obj
 0004:000033c0       $pdata$__acrt_locale_free_numeric 00000001800e33c0     libucrt:initnum.obj
 0004:000033cc       $pdata$?free_crt_array_internal@@YAXQEAPEBX_K@Z 00000001800e33cc     libucrt:inittime.obj
 0004:000033d8       $pdata$__acrt_locale_free_time 00000001800e33d8     libucrt:inittime.obj
 0004:000033e4       $pdata$__acrt_GetStringTypeA 00000001800e33e4     libucrt:getstringtypea.obj
 0004:000033f0       $pdata$_raise_exc          00000001800e33f0     libucrt:fpexcept.obj
 0004:000033fc       $pdata$_raise_exc_ex       00000001800e33fc     libucrt:fpexcept.obj
 0004:00003408       $pdata$_set_errno_from_matherr 00000001800e3408     libucrt:fpexcept.obj
 0004:00003414       $pdata$_clrfp              00000001800e3414     libucrt:fpctrl.obj
 0004:00003420       $pdata$_ctrlfp             00000001800e3420     libucrt:fpctrl.obj
 0004:0000342c       $pdata$_set_statfp         00000001800e342c     libucrt:fpctrl.obj
 0004:00003438       $pdata$_statfp             00000001800e3438     libucrt:fpctrl.obj
 0004:00003444       $pdata$??$common_lseek@_J@@YA_JH_JH@Z 00000001800e3444     libucrt:lseek.obj
 0004:00003450       $pdata$??$common_lseek_nolock@_J@@YA_JH_JH@Z 00000001800e3450     libucrt:lseek.obj
 0004:0000345c       $pdata$_putwch_nolock      00000001800e345c     libucrt:putwch.obj
 0004:00003468       $pdata$__acrt_stdio_allocate_buffer_nolock 00000001800e3468     libucrt:_getbuf.obj
 0004:00003474       $pdata$qsort               00000001800e3474     libucrt:qsort.obj
 0004:00003480       $pdata$4$qsort             00000001800e3480     libucrt:qsort.obj
 0004:0000348c       $pdata$5$qsort             00000001800e348c     libucrt:qsort.obj
 0004:00003498       $pdata$strncpy_s           00000001800e3498     libucrt:strncpy_s.obj
 0004:000034a4       $pdata$fallbackMethod      00000001800e34a4     libucrt:strpbrk.obj
 0004:000034b0       $pdata$strpbrk             00000001800e34b0     libucrt:strpbrk.obj
 0004:000034bc       $pdata$_mbsdec_l           00000001800e34bc     libucrt:mbsdec.obj
 0004:000034c8       $pdata$?initialize_multibyte@@YAHXZ 00000001800e34c8     libucrt:multibyte_initializer.obj
 0004:000034d4       $pdata$_msize_base         00000001800e34d4     libucrt:msize.obj
 0004:000034e0       $pdata$??$?RV<lambda_751a882b2c74d4b022dec766aa51a29a>@@AEAV<lambda_628dfdc04ba53c8bfc02c9951375f3f5>@@V<lambda_f6c7be5f7998530c34de24c7437d6b54>@@@?$__crt_seh_guarded_call@H@@QEAAH$$QEAV<lambda_751a882b2c74d4b022dec766aa51a29a>@@AEAV<lambda_628dfdc04ba53c8bfc02c9951375f3f5>@@$$QEAV<lambda_f6c7be5f7998530c34de24c7437d6b54>@@@Z 00000001800e34e0     libucrt:close.obj
 0004:000034ec       $pdata$_close              00000001800e34ec     libucrt:close.obj
 0004:000034f8       $pdata$_close_nolock       00000001800e34f8     libucrt:close.obj
 0004:00003504       $pdata$?__mbrtoc32_utf8@__crt_mbstring@@YA_KPEA_UPEBD_KPEAU_Mbstatet@@@Z 00000001800e3504     libucrt:mbrtoc32.obj
 0004:00003510       $pdata$fegetenv            00000001800e3510     libucrt:fegetenv.obj
 0004:0000351c       $pdata$fesetenv            00000001800e351c     libucrt:fesetenv.obj
 0004:00003528       $pdata$feholdexcept        00000001800e3528     libucrt:feholdexcept.obj
 0004:0000354c       $pdata$__dcrt_lowio_ensure_console_output_initialized 00000001800e354c     libucrt:initcon.obj
 0004:00003558       $pdata$__dcrt_terminate_console_output 00000001800e3558     libucrt:initcon.obj
 0004:00003564       $pdata$__dcrt_write_console 00000001800e3564     libucrt:initcon.obj
 0004:00003570       $pdata$__acrt_fenv_set_control 00000001800e3570     libucrt:_fenvutils.obj
 0004:0000357c       $pdata$_clearfp            00000001800e357c     libucrt:ieee.obj
 0004:00003588       $pdata$__acrt_initialize_fma3 00000001800e3588     libucrt:fma3_available.obj
 0004:00003594       $pdata$_log10_special      00000001800e3594     libucrt:log_special.obj
 0004:000035a0       $pdata$_log_special_common 00000001800e35a0     libucrt:log_special.obj
 0004:000035ac       $pdata$?DloadAcquireSectionWriteAccess@@YAXXZ 00000001800e35ac     DelayImp:delayhlp.obj
 0004:000035b8       $pdata$?DloadGetSRWLockFunctionPointers@@YAEXZ 00000001800e35b8     DelayImp:delayhlp.obj
 0004:000035c4       $pdata$?DloadMakePermanentImageCommit@@YAXPEAX_K@Z 00000001800e35c4     DelayImp:delayhlp.obj
 0004:000035d0       $pdata$?DloadObtainSection@@YAPEAXPEAK0@Z 00000001800e35d0     DelayImp:delayhlp.obj
 0004:000035dc       $pdata$?DloadProtectSection@@YAXKPEAK@Z 00000001800e35dc     DelayImp:delayhlp.obj
 0004:000035e8       $pdata$?DloadReleaseSectionWriteAccess@@YAXXZ 00000001800e35e8     DelayImp:delayhlp.obj
 0004:000035f4       $pdata$__delayLoadHelper2  00000001800e35f4     DelayImp:delayhlp.obj
 0004:00003600       $pdata$__GSHandlerCheck    00000001800e3600     LIBCMT:gshandler.obj
 0004:0000360c       $pdata$__GSHandlerCheckCommon 00000001800e360c     LIBCMT:gshandler.obj
 0004:00003618       $pdata$_IsNonwritableInCurrentImage 00000001800e3618     LIBCMT:pesect.obj
 0004:00003630       $pdata$strrchr             00000001800e3630     libvcruntime:strrchr.obj
 0004:00003654       $pdata$?catch$0@?0???2@YAPEAX_KAEBUnothrow_t@std@@@Z@4HA 00000001800e3654     LIBCMT:new_scalar_nothrow.obj
 0004:00003660       $pdata$?fin$0@?0??dllmain_crt_process_attach@@YAHQEAUHINSTANCE__@@QEAX@Z@4HA 00000001800e3660     LIBCMT:dll_dllmain.obj
 0004:0000366c       $pdata$?fin$0@?0??dllmain_crt_process_detach@@YAH_N@Z@4HA 00000001800e366c     LIBCMT:dll_dllmain.obj
 0004:00003678       $pdata$?filt$0@?0??dllmain_dispatch@@YAHQEAUHINSTANCE__@@KQEAX@Z@4HA 00000001800e3678     LIBCMT:dll_dllmain.obj
 0004:00003684       $pdata$__scrt_is_nonwritable_in_current_image$filt$0 00000001800e3684     LIBCMT:utility.obj
 0004:00003690       $pdata$__DestructExceptionObject$filt$0 00000001800e3690     libvcruntime:ehhelpers.obj
 0004:0000369c       $pdata$?filt$0@?0???$_CallSETranslator@V__FrameHandler3@@@@YAHPEAUEHExceptionRecord@@PEA_KPEAU_CONTEXT@@PEAU_xDISPATCHER_CONTEXT@@PEBU_s_FuncInfo@@K1@Z@4HA 00000001800e369c     libvcruntime:risctrnsctrl.obj
 0004:000036a8       $pdata$?filt$0@?0??CxxCallCatchBlock@__FrameHandler3@@SAPEAXPEAU_EXCEPTION_RECORD@@@Z@4HA 00000001800e36a8     libvcruntime:frame.obj
 0004:000036b4       $pdata$?fin$1@?0??CxxCallCatchBlock@__FrameHandler3@@SAPEAXPEAU_EXCEPTION_RECORD@@@Z@4HA 00000001800e36b4     libvcruntime:frame.obj
 0004:000036c0       $pdata$?filt$0@?0??FrameUnwindToState@__FrameHandler3@@SAXPEA_KPEAU_xDISPATCHER_CONTEXT@@PEBU_s_FuncInfo@@H@Z@4HA 00000001800e36c0     libvcruntime:frame.obj
 0004:000036cc       $pdata$?fin$1@?0??FrameUnwindToState@__FrameHandler3@@SAXPEA_KPEAU_xDISPATCHER_CONTEXT@@PEBU_s_FuncInfo@@H@Z@4HA 00000001800e36cc     libvcruntime:frame.obj
 0004:000036d8       $pdata$?fin$0@?0???$?RV<lambda_a62c933ada0517137acf5807a1eeac1f>@@AEAV<lambda_a31071773b9a94e445cbd5d04ef99106>@@V<lambda_56065050dbf3ada7e59a83db45153de3>@@@?$__crt_seh_guarded_call@H@@QEAAH$$QEAV<lambda_a62c933ada0517137acf5807a1eeac1f>@@AEAV<lambda_a31071773b9a94e445cbd5d04ef99106>@@$$QEAV<lambda_56065050dbf3ada7e59a83db45153de3>@@@Z@4HA 00000001800e36d8     libucrt:output.obj
 0004:000036d8       $pdata$?fin$0@?0???$?RV<lambda_842d9ff0dc9ef11c61343bbaebe7f885>@@AEAV<lambda_c5860995281e5c4ce005b3de8f5874ee>@@V<lambda_d90129c13df834fdcbf8d2b88dafcf2d>@@@?$__crt_seh_guarded_call@X@@QEAAX$$QEAV<lambda_842d9ff0dc9ef11c61343bbaebe7f885>@@AEAV<lambda_c5860995281e5c4ce005b3de8f5874ee>@@$$QEAV<lambda_d90129c13df834fdcbf8d2b88dafcf2d>@@@Z@4HA 00000001800e36d8     libucrt:fflush.obj
 0004:000036d8       $pdata$?fin$0@?0???$?RV<lambda_c376a267cfb53b6959b3b692ec76b120>@@AEAV<lambda_9a32fed5bf61b6b509b2d3f6003082a1>@@V<lambda_572fbb9fa0ab338edf41edfd4b5fcc8d>@@@?$__crt_seh_guarded_call@H@@QEAAH$$QEAV<lambda_c376a267cfb53b6959b3b692ec76b120>@@AEAV<lambda_9a32fed5bf61b6b509b2d3f6003082a1>@@$$QEAV<lambda_572fbb9fa0ab338edf41edfd4b5fcc8d>@@@Z@4HA 00000001800e36d8     libucrt:fflush.obj
 0004:000036d8       $pdata$?fin$0@?0???$?RV<lambda_84ec643ea9557e2f7dc01bb0e9624395>@@AEAV<lambda_ca71763b3c0644891230e4f79ea54fa6>@@V<lambda_439a761618c59b0600e24586724d733b>@@@?$__crt_seh_guarded_call@H@@QEAAH$$QEAV<lambda_84ec643ea9557e2f7dc01bb0e9624395>@@AEAV<lambda_ca71763b3c0644891230e4f79ea54fa6>@@$$QEAV<lambda_439a761618c59b0600e24586724d733b>@@@Z@4HA 00000001800e36d8     libucrt:setvbuf.obj
 0004:000036d8       $pdata$?fin$0@?0???$?RV<lambda_0d412022a4b28cc8a401ea49574e8ae6>@@AEAV<lambda_a775ed57af18ba8e4d5dc780aa9068fe>@@V<lambda_975a71a6baa488a08f4e15f6b0339b9e>@@@?$__crt_seh_guarded_call@H@@QEAAH$$QEAV<lambda_0d412022a4b28cc8a401ea49574e8ae6>@@AEAV<lambda_a775ed57af18ba8e4d5dc780aa9068fe>@@$$QEAV<lambda_975a71a6baa488a08f4e15f6b0339b9e>@@@Z@4HA 00000001800e36d8     libucrt:output.obj
 0004:000036e4       $pdata$_query_new_handler$fin$0 00000001800e36e4     libucrt:new_handler.obj
 0004:000036f0       $pdata$?fin$0@?0???$?RV<lambda_450d765d439847d4c735a33c368b5fc0>@@AEAV<lambda_44731a7d0e6d81c3e6aa82d741081786>@@V<lambda_601a2a7da3b7a96e9554ac7215c4b07c>@@@?$__crt_seh_guarded_call@P6AXH@Z@@QEAAP6AXH@Z$$QEAV<lambda_450d765d439847d4c735a33c368b5fc0>@@AEAV<lambda_44731a7d0e6d81c3e6aa82d741081786>@@$$QEAV<lambda_601a2a7da3b7a96e9554ac7215c4b07c>@@@Z@4HA 00000001800e36f0     libucrt:signal.obj
 0004:000036f0       $pdata$?fin$0@?0???$?RV<lambda_d80eeec6fff315bfe5c115232f3240e3>@@AEAV<lambda_6e4b09c48022b2350581041d5f6b0c4c>@@V<lambda_2358e3775559c9db80273638284d5e45>@@@?$__crt_seh_guarded_call@X@@QEAAX$$QEAV<lambda_d80eeec6fff315bfe5c115232f3240e3>@@AEAV<lambda_6e4b09c48022b2350581041d5f6b0c4c>@@$$QEAV<lambda_2358e3775559c9db80273638284d5e45>@@@Z@4HA 00000001800e36f0     libucrt:exit.obj
 0004:000036f0       $pdata$?fin$0@?0???$?RV<lambda_aa87e3671a710a21b5dc78c0bdf72e11>@@AEAV<lambda_92619d2358a28f41a33ba319515a20b9>@@V<lambda_6992ecaafeb10aed2b74cb1fae11a551>@@@?$__crt_seh_guarded_call@X@@QEAAX$$QEAV<lambda_aa87e3671a710a21b5dc78c0bdf72e11>@@AEAV<lambda_92619d2358a28f41a33ba319515a20b9>@@$$QEAV<lambda_6992ecaafeb10aed2b74cb1fae11a551>@@@Z@4HA 00000001800e36f0     libucrt:per_thread_data.obj
 0004:000036f0       $pdata$?fin$0@?0???$?RV<lambda_efdfa57d1f175319df784efa44bb7b81>@@AEAV<lambda_5f0a4c1567f8adc6734073e5d1e1b35c>@@V<lambda_2e8a7d3640ea6ccb4c2413664c2db6fd>@@@?$__crt_seh_guarded_call@X@@QEAAX$$QEAV<lambda_efdfa57d1f175319df784efa44bb7b81>@@AEAV<lambda_5f0a4c1567f8adc6734073e5d1e1b35c>@@$$QEAV<lambda_2e8a7d3640ea6ccb4c2413664c2db6fd>@@@Z@4HA 00000001800e36f0     libucrt:mbctype.obj
 0004:000036f0       $pdata$?fin$0@?0???$?RV<lambda_f2e299630e499de9f9a165e60fcd3db5>@@AEAV<lambda_2ae9d31cdba2644fcbeaf08da7c24588>@@V<lambda_40d01ff24d0e7b3814fdbdcee8eab3c7>@@@?$__crt_seh_guarded_call@X@@QEAAX$$QEAV<lambda_f2e299630e499de9f9a165e60fcd3db5>@@AEAV<lambda_2ae9d31cdba2644fcbeaf08da7c24588>@@$$QEAV<lambda_40d01ff24d0e7b3814fdbdcee8eab3c7>@@@Z@4HA 00000001800e36f0     libucrt:per_thread_data.obj
 0004:000036f0       $pdata$?fin$0@?0???$?RV<lambda_638799b9deba96c50f710eeac98168cd>@@AEAV<lambda_22ebabd17bc4fa466a2aca6d8deb888d>@@V<lambda_a6f7d7db0129f75315ebf26d50c089f1>@@@?$__crt_seh_guarded_call@H@@QEAAH$$QEAV<lambda_638799b9deba96c50f710eeac98168cd>@@AEAV<lambda_22ebabd17bc4fa466a2aca6d8deb888d>@@$$QEAV<lambda_a6f7d7db0129f75315ebf26d50c089f1>@@@Z@4HA 00000001800e36f0     libucrt:onexit.obj
 0004:000036f0       $pdata$?fin$0@?0???$?RV<lambda_2d41944a1d46af3157314b8a01080d33>@@AEAV<lambda_8f455de75cd7d7f24b4096f044d8b9e6>@@V<lambda_aa500f224e6afead328df44964fe2772>@@@?$__crt_seh_guarded_call@X@@QEAAX$$QEAV<lambda_2d41944a1d46af3157314b8a01080d33>@@AEAV<lambda_8f455de75cd7d7f24b4096f044d8b9e6>@@$$QEAV<lambda_aa500f224e6afead328df44964fe2772>@@@Z@4HA 00000001800e36f0     libucrt:per_thread_data.obj
 0004:000036f0       $pdata$?fin$0@?0???$?RV<lambda_7777bce6b2f8c936911f934f8298dc43>@@AEAV<lambda_f03950bc5685219e0bcd2087efbe011e>@@V<lambda_3883c3dff614d5e0c5f61bb1ac94921c>@@@?$__crt_seh_guarded_call@H@@QEAAH$$QEAV<lambda_7777bce6b2f8c936911f934f8298dc43>@@AEAV<lambda_f03950bc5685219e0bcd2087efbe011e>@@$$QEAV<lambda_3883c3dff614d5e0c5f61bb1ac94921c>@@@Z@4HA 00000001800e36f0     libucrt:onexit.obj
 0004:000036f0       $pdata$?fin$0@?0???$?RV<lambda_0ae27a3a962d80f24befdcbee591983d>@@AEAV<lambda_8d0ee55de4b1038c4002e0adecdf1839>@@V<lambda_dc504788e8f1664fe9b84e20bfb512f2>@@@?$__crt_seh_guarded_call@X@@QEAAX$$QEAV<lambda_0ae27a3a962d80f24befdcbee591983d>@@AEAV<lambda_8d0ee55de4b1038c4002e0adecdf1839>@@$$QEAV<lambda_dc504788e8f1664fe9b84e20bfb512f2>@@@Z@4HA 00000001800e36f0     libucrt:per_thread_data.obj
 0004:000036fc       $pdata$?filt$0@?0???R<lambda_6e4b09c48022b2350581041d5f6b0c4c>@@QEBA@XZ@4HA 00000001800e36fc     libucrt:exit.obj
 0004:00003708       $pdata$?fin$0@?0???$?RV<lambda_886d6c58226a84441f68b9f2b8217b83>@@AEAV<lambda_ab61a845afdef5b7c387490eaf3616ee>@@V<lambda_f7f22ab5edc0698d5f6905b0d3f44752>@@@?$__crt_seh_guarded_call@X@@QEAAX$$QEAV<lambda_886d6c58226a84441f68b9f2b8217b83>@@AEAV<lambda_ab61a845afdef5b7c387490eaf3616ee>@@$$QEAV<lambda_f7f22ab5edc0698d5f6905b0d3f44752>@@@Z@4HA 00000001800e3708     libucrt:fflush.obj
 0004:00003714       $pdata$raise$fin$0         00000001800e3714     libucrt:signal.obj
 0004:00003720       $pdata$_fcloseall$fin$0    00000001800e3720     libucrt:closeall.obj
 0004:0000372c       $pdata$__acrt_initialize_lowio$fin$0 00000001800e372c     libucrt:ioinit.obj
 0004:0000372c       $pdata$__acrt_lowio_ensure_fh_exists$fin$0 00000001800e372c     libucrt:osfinfo.obj
 0004:00003738       $pdata$?fin$0@?0???$?RV<lambda_410d79af7f07d98d83a3f525b3859a53>@@AEAV<lambda_3e16ef9562a7dcce91392c22ab16ea36>@@V<lambda_38119f0e861e05405d8a144b9b982f0a>@@@?$__crt_seh_guarded_call@X@@QEAAX$$QEAV<lambda_410d79af7f07d98d83a3f525b3859a53>@@AEAV<lambda_3e16ef9562a7dcce91392c22ab16ea36>@@$$QEAV<lambda_38119f0e861e05405d8a144b9b982f0a>@@@Z@4HA 00000001800e3738     libucrt:wsetlocale.obj
 0004:00003744       $pdata$_write$fin$0        00000001800e3744     libucrt:write.obj
 0004:00003744       $pdata$?fin$0@?0???$common_lseek@_J@@YA_JH_JH@Z@4HA 00000001800e3744     libucrt:lseek.obj
 0004:00003750       $pdata$?fin$0@?0??update_thread_multibyte_data_internal@@YAPEAU__crt_multibyte_data@@QEAU__acrt_ptd@@QEAPEAU1@@Z@4HA 00000001800e3750     libucrt:mbctype.obj
 0004:0000375c       $pdata$?fin$0@?0???$?RV<lambda_751a882b2c74d4b022dec766aa51a29a>@@AEAV<lambda_628dfdc04ba53c8bfc02c9951375f3f5>@@V<lambda_f6c7be5f7998530c34de24c7437d6b54>@@@?$__crt_seh_guarded_call@H@@QEAAH$$QEAV<lambda_751a882b2c74d4b022dec766aa51a29a>@@AEAV<lambda_628dfdc04ba53c8bfc02c9951375f3f5>@@$$QEAV<lambda_f6c7be5f7998530c34de24c7437d6b54>@@@Z@4HA 00000001800e375c     libucrt:close.obj
 0004:0000375c       $pdata$?fin$0@?0???$?RV<lambda_a37b2b86f63e897a80ea819b0eb08c01>@@AEAV<lambda_38ce7e780aa69e748d6df282ebc68efe>@@V<lambda_99fb1378e971ab6e7edea83e3a7a83a2>@@@?$__crt_seh_guarded_call@H@@QEAAH$$QEAV<lambda_a37b2b86f63e897a80ea819b0eb08c01>@@AEAV<lambda_38ce7e780aa69e748d6df282ebc68efe>@@$$QEAV<lambda_99fb1378e971ab6e7edea83e3a7a83a2>@@@Z@4HA 00000001800e375c     libucrt:commit.obj
 0004:00003768       $pdata$__acrt_update_thread_locale_data$fin$0 00000001800e3768     libucrt:locale_refcounting.obj
 0004:00003774       $pdata$fclose$fin$0        00000001800e3774     libucrt:fclose.obj
 0004:00003780       $pdata$_ctrlfp$filt$0      00000001800e3780     libucrt:fpctrl.obj
 0004:0000378c       $pdata$_IsNonwritableInCurrentImage$filt$0 00000001800e378c     LIBCMT:pesect.obj
 0005:00000060       $R000000                   00000001800e4060     * linker generated manifest res *

 Exports

  ordinal    name

        1    _register_addon_
